Component: ARM Compiler 5.06 update 5 (build 528) Tool: armlink [4d35e2]

==============================================================================

Section Cross References

    startup_stm32f030x8.o(RESET) refers to startup_stm32f030x8.o(STACK) for __initial_sp
    startup_stm32f030x8.o(RESET) refers to startup_stm32f030x8.o(.text) for Reset_Handler
    startup_stm32f030x8.o(RESET) refers to stm32f0xx_it.o(i.NMI_Handler) for NMI_Handler
    startup_stm32f030x8.o(RESET) refers to stm32f0xx_it.o(i.HardFault_Handler) for HardFault_Handler
    startup_stm32f030x8.o(RESET) refers to stm32f0xx_it.o(i.SVC_Handler) for SVC_Handler
    startup_stm32f030x8.o(RESET) refers to stm32f0xx_it.o(i.PendSV_Handler) for PendSV_Handler
    startup_stm32f030x8.o(RESET) refers to stm32f0xx_it.o(i.SysTick_Handler) for SysTick_Handler
    startup_stm32f030x8.o(RESET) refers to stm32f0xx_it.o(i.TIM3_IRQHandler) for TIM3_IRQHandler
    startup_stm32f030x8.o(RESET) refers to stm32f0xx_it.o(i.USART1_IRQHandler) for USART1_IRQHandler
    startup_stm32f030x8.o(.text) refers to system_stm32f0xx.o(i.SystemInit) for SystemInit
    startup_stm32f030x8.o(.text) refers to entry.o(.ARM.Collect$$$$00000000) for __main
    main.o(i.MX_ADC_Init) refers to stm32f0xx_hal_adc.o(i.HAL_ADC_Init) for HAL_ADC_Init
    main.o(i.MX_ADC_Init) refers to stm32f0xx_hal_adc.o(i.HAL_ADC_ConfigChannel) for HAL_ADC_ConfigChannel
    main.o(i.MX_ADC_Init) refers to main.o(.bss) for .bss
    main.o(i.MX_CRC_Init) refers to stm32f0xx_hal_crc.o(i.HAL_CRC_Init) for HAL_CRC_Init
    main.o(i.MX_CRC_Init) refers to stm32f0xx_hal_crc_ex.o(i.HAL_CRCEx_Init) for HAL_CRCEx_Init
    main.o(i.MX_CRC_Init) refers to main.o(.bss) for .bss
    main.o(i.MX_GPIO_Init) refers to stm32f0xx_hal_gpio.o(i.HAL_GPIO_WritePin) for HAL_GPIO_WritePin
    main.o(i.MX_GPIO_Init) refers to stm32f0xx_hal_gpio.o(i.HAL_GPIO_Init) for HAL_GPIO_Init
    main.o(i.MX_I2C2_Init) refers to stm32f0xx_hal_i2c.o(i.HAL_I2C_Init) for HAL_I2C_Init
    main.o(i.MX_I2C2_Init) refers to stm32f0xx_hal_i2c_ex.o(i.HAL_I2CEx_ConfigAnalogFilter) for HAL_I2CEx_ConfigAnalogFilter
    main.o(i.MX_I2C2_Init) refers to stm32f0xx_hal_i2c_ex.o(i.HAL_I2CEx_ConfigDigitalFilter) for HAL_I2CEx_ConfigDigitalFilter
    main.o(i.MX_I2C2_Init) refers to main.o(.bss) for .bss
    main.o(i.MX_TIM1_Init) refers to stm32f0xx_hal_tim.o(i.HAL_TIM_Base_Init) for HAL_TIM_Base_Init
    main.o(i.MX_TIM1_Init) refers to stm32f0xx_hal_tim.o(i.HAL_TIM_ConfigClockSource) for HAL_TIM_ConfigClockSource
    main.o(i.MX_TIM1_Init) refers to stm32f0xx_hal_tim.o(i.HAL_TIM_PWM_Init) for HAL_TIM_PWM_Init
    main.o(i.MX_TIM1_Init) refers to stm32f0xx_hal_tim_ex.o(i.HAL_TIMEx_MasterConfigSynchronization) for HAL_TIMEx_MasterConfigSynchronization
    main.o(i.MX_TIM1_Init) refers to stm32f0xx_hal_tim.o(i.HAL_TIM_PWM_ConfigChannel) for HAL_TIM_PWM_ConfigChannel
    main.o(i.MX_TIM1_Init) refers to stm32f0xx_hal_tim_ex.o(i.HAL_TIMEx_ConfigBreakDeadTime) for HAL_TIMEx_ConfigBreakDeadTime
    main.o(i.MX_TIM1_Init) refers to stm32f0xx_hal_msp.o(i.HAL_TIM_MspPostInit) for HAL_TIM_MspPostInit
    main.o(i.MX_TIM1_Init) refers to main.o(.bss) for .bss
    main.o(i.MX_TIM3_Init) refers to stm32f0xx_hal_tim.o(i.HAL_TIM_IC_Init) for HAL_TIM_IC_Init
    main.o(i.MX_TIM3_Init) refers to stm32f0xx_hal_tim_ex.o(i.HAL_TIMEx_MasterConfigSynchronization) for HAL_TIMEx_MasterConfigSynchronization
    main.o(i.MX_TIM3_Init) refers to stm32f0xx_hal_tim.o(i.HAL_TIM_IC_ConfigChannel) for HAL_TIM_IC_ConfigChannel
    main.o(i.MX_TIM3_Init) refers to main.o(.bss) for .bss
    main.o(i.MX_USART1_UART_Init) refers to stm32f0xx_hal_uart.o(i.HAL_UART_Init) for HAL_UART_Init
    main.o(i.MX_USART1_UART_Init) refers to main.o(.bss) for .bss
    main.o(i.SystemClock_Config) refers to stm32f0xx_hal_rcc.o(i.HAL_RCC_OscConfig) for HAL_RCC_OscConfig
    main.o(i.SystemClock_Config) refers to stm32f0xx_hal_rcc.o(i.HAL_RCC_ClockConfig) for HAL_RCC_ClockConfig
    main.o(i.SystemClock_Config) refers to stm32f0xx_hal_rcc_ex.o(i.HAL_RCCEx_PeriphCLKConfig) for HAL_RCCEx_PeriphCLKConfig
    main.o(i.SystemClock_Config) refers to stm32f0xx_hal_rcc.o(i.HAL_RCC_GetHCLKFreq) for HAL_RCC_GetHCLKFreq
    main.o(i.SystemClock_Config) refers to uidiv.o(.text) for __aeabi_uidivmod
    main.o(i.SystemClock_Config) refers to stm32f0xx_hal_cortex.o(i.HAL_SYSTICK_Config) for HAL_SYSTICK_Config
    main.o(i.SystemClock_Config) refers to stm32f0xx_hal_cortex.o(i.HAL_SYSTICK_CLKSourceConfig) for HAL_SYSTICK_CLKSourceConfig
    main.o(i.SystemClock_Config) refers to stm32f0xx_hal_cortex.o(i.HAL_NVIC_SetPriority) for HAL_NVIC_SetPriority
    main.o(i.main) refers to stm32f0xx_hal.o(i.HAL_Init) for HAL_Init
    main.o(i.main) refers to main.o(i.SystemClock_Config) for SystemClock_Config
    main.o(i.main) refers to main.o(i.MX_GPIO_Init) for MX_GPIO_Init
    main.o(i.main) refers to main.o(i.MX_USART1_UART_Init) for MX_USART1_UART_Init
[...]
    .ARM.Collect$$$$0000000B                 0x080000bc   Section        8  entry9a.o(.ARM.Collect$$$$0000000B)
    .ARM.Collect$$$$0000000D                 0x080000c4   Section        0  entry10a.o(.ARM.Collect$$$$0000000D)
    .ARM.Collect$$$$0000000F                 0x080000c4   Section        0  entry11a.o(.ARM.Collect$$$$0000000F)
    .ARM.Collect$$$$00002712                 0x080000c4   Section        4  entry2.o(.ARM.Collect$$$$00002712)
    __lit__00000000                          0x080000c4   Data           4  entry2.o(.ARM.Collect$$$$00002712)
    .text                                    0x080000c8   Section       28  startup_stm32f030x8.o(.text)
    .text                                    0x080000e4   Section        0  uidiv.o(.text)
    .text                                    0x08000110   Section        0  llushr.o(.text)
    .text                                    0x08000132   Section        0  memcpya.o(.text)
    .text                                    0x08000156   Section        0  memseta.o(.text)
    .text                                    0x0800017a   Section        0  strlen.o(.text)
    .text                                    0x08000188   Section        0  memcmp.o(.text)
    .text                                    0x080001a2   Section        0  uread4.o(.text)
    .text                                    0x080001b6   Section        0  fmul.o(.text)
    .text                                    0x08000230   Section        0  fscalb.o(.text)
    .text                                    0x08000248   Section        0  ffltui.o(.text)
    .text                                    0x08000256   Section        0  f2d.o(.text)
    .text                                    0x0800027e   Section        0  uldiv.o(.text)
    .text                                    0x080002de   Section        0  fepilogue.o(.text)
    .text                                    0x080002de   Section        0  iusefp.o(.text)
    .text                                    0x08000360   Section        0  dadd.o(.text)
    .text                                    0x080004c4   Section        0  dmul.o(.text)
    .text                                    0x08000594   Section        0  ddiv.o(.text)
    .text                                    0x08000684   Section        0  dfixul.o(.text)
    .text                                    0x080006c4   Section       40  cdrcmple.o(.text)
    .text                                    0x080006ec   Section       36  init.o(.text)
    .text                                    0x08000710   Section        0  llshl.o(.text)
    .text                                    0x08000730   Section        0  llsshr.o(.text)
    .text                                    0x08000756   Section        0  depilogue.o(.text)
    .text                                    0x08000814   Section        0  __dczerorl2.o(.text)
    i.ADC_Enable                             0x0800086c   Section        0  stm32f0xx_hal_adc.o(i.ADC_Enable)
    ADC_Enable                               0x0800086d   Thumb Code   120  stm32f0xx_hal_adc.o(i.ADC_Enable)
    i.CRC_Handle_16                          0x080008f0   Section        0  stm32f0xx_hal_crc.o(i.CRC_Handle_16)
    CRC_Handle_16                            0x080008f1   Thumb Code    56  stm32f0xx_hal_crc.o(i.CRC_Handle_16)
    i.CRC_Handle_8                           0x08000928   Section        0  stm32f0xx_hal_crc.o(i.CRC_Handle_8)
    CRC_Handle_8                             0x08000929   Thumb Code   128  stm32f0xx_hal_crc.o(i.CRC_Handle_8)
    i.Drv_ACC_CMD_Handler                    0x080009a8   Section        0  drv_serial.o(i.Drv_ACC_CMD_Handler)
    i.Drv_CMD_Handler                        0x080009b0   Section        0  drv_serial.o(i.Drv_CMD_Handler)
    Drv_CMD_Handler                          0x080009b1   Thumb Code    74  drv_serial.o(i.Drv_CMD_Handler)
    i.Drv_DLPC_CMD_Handler                   0x08000a00   Section        0  drv_serial.o(i.Drv_DLPC_CMD_Handler)
    i.Drv_DLPC_Init                          0x08000a54   Section        0  drv_dlpc.o(i.Drv_DLPC_Init)
    i.Drv_EEPROM_CMD_Handler                 0x08000a58   Section        0  drv_serial.o(i.Drv_EEPROM_CMD_Handler)
    i.Drv_FAN_CMD_Handler                    0x08000a78   Section        0  drv_serial.o(i.Drv_FAN_CMD_Handler)
    i.Drv_FAN_Init                           0x08000aa4   Section        0  drv_fan.o(i.Drv_FAN_Init)
    i.Drv_FAN_Proc                           0x08000ac0   Section        0  drv_fan.o(i.Drv_FAN_Proc)
    i.Drv_HDMI_RCVR_CMD_Handler              0x08000aec   Section        0  drv_serial.o(i.Drv_HDMI_RCVR_CMD_Handler)
    i.Drv_HDMI_RCVR_Init                     0x08000b00   Section        0  drv_hdmi_rcvr.o(i.Drv_HDMI_RCVR_Init)
    i.Drv_IR_CMD_Handler                     0x08000b9c   Section        0  drv_serial.o(i.Drv_IR_CMD_Handler)
    i.Drv_IR_Init                            0x08000c34   Section        0  drv_ir.o(i.Drv_IR_Init)
    i.Drv_IR_MI_Decode                       0x08000c44   Section        0  drv_ir.o(i.Drv_IR_MI_Decode)
    Drv_IR_MI_Decode                         0x08000c45   Thumb Code   292  drv_ir.o(i.Drv_IR_MI_Decode)
    i.Drv_IR_NEC_Decode                      0x08000da0   Section        0  drv_ir.o(i.Drv_IR_NEC_Decode)
    Drv_IR_NEC_Decode                        0x08000da1   Thumb Code   242  drv_ir.o(i.Drv_IR_NEC_Decode)
    i.Drv_LED_Init                           0x08000edc   Section        0  drv_led.o(i.Drv_LED_Init)
    i.Drv_LED_Proc                           0x08000efc   Section        0  drv_led.o(i.Drv_LED_Proc)
    i.Drv_MOTOR_CMD_Handler                  0x08000f28   Section        0  drv_serial.o(i.Drv_MOTOR_CMD_Handler)
    Drv_MOTOR_CMD_Handler                    0x08000f29   Thumb Code    32  drv_serial.o(i.Drv_MOTOR_CMD_Handler)
    i.Drv_MOTOR_Init                         0x08000f48   Section        0  drv_motor.o(i.Drv_MOTOR_Init)
    i.Drv_SERIAL_Act                         0x08000f90   Section        0  drv_serial.o(i.Drv_SERIAL_Act)
    i.Drv_SERIAL_Init                        0x08000fcc   Section        0  drv_serial.o(i.Drv_SERIAL_Init)
    i.Drv_SERIAL_Log                         0x08000fe8   Section        0  drv_serial.o(i.Drv_SERIAL_Log)
    i.Drv_SERIAL_Proc                        0x08001034   Section        0  drv_serial.o(i.Drv_SERIAL_Proc)
    i.Drv_SERIAL_Rpt                         0x080010e4   Section        0  drv_serial.o(i.Drv_SERIAL_Rpt)
    i.Drv_SERIAL_Write                       0x08001120   Section        0  drv_serial.o(i.Drv_SERIAL_Write)
    Drv_SERIAL_Write                         0x08001121   Thumb Code    32  drv_serial.o(i.Drv_SERIAL_Write)
    i.Drv_THERM_Init                         0x08001148   Section        0  drv_therm.o(i.Drv_THERM_Init)
    i.HAL_ADC_ConfigChannel                  0x08001158   Section        0  stm32f0xx_hal_adc.o(i.HAL_ADC_ConfigChannel)
    i.HAL_ADC_GetValue                       0x08001268   Section        0  stm32f0xx_hal_adc.o(i.HAL_ADC_GetValue)
    i.HAL_ADC_Init                           0x08001270   Section        0  stm32f0xx_hal_adc.o(i.HAL_ADC_Init)
    i.HAL_ADC_MspInit                        0x080013e4   Section        0  stm32f0xx_hal_msp.o(i.HAL_ADC_MspInit)
    i.HAL_ADC_Start                          0x08001424   Section        0  stm32f0xx_hal_adc.o(i.HAL_ADC_Start)
    i.HAL_CRCEx_Init                         0x08001480   Section        0  stm32f0xx_hal_crc_ex.o(i.HAL_CRCEx_Init)
    i.HAL_CRC_Calculate                      0x08001484   Section        0  stm32f0xx_hal_crc.o(i.HAL_CRC_Calculate)
    i.HAL_CRC_Init                           0x080014e4   Section        0  stm32f0xx_hal_crc.o(i.HAL_CRC_Init)
    i.HAL_CRC_MspInit                        0x08001540   Section        0  stm32f0xx_hal_msp.o(i.HAL_CRC_MspInit)
    i.HAL_DMA_Abort_IT                       0x08001564   Section        0  stm32f0xx_hal_dma.o(i.HAL_DMA_Abort_IT)
    i.HAL_Delay                              0x080015ac   Section        0  stm32f0xx_hal.o(i.HAL_Delay)
    i.HAL_GPIO_Init                          0x080015c8   Section        0  stm32f0xx_hal_gpio.o(i.HAL_GPIO_Init)
    i.HAL_GPIO_ReadPin                       0x08001710   Section        0  stm32f0xx_hal_gpio.o(i.HAL_GPIO_ReadPin)
    i.HAL_GPIO_TogglePin                     0x0800171a   Section        0  stm32f0xx_hal_gpio.o(i.HAL_GPIO_TogglePin)
    i.HAL_GPIO_WritePin                      0x08001722   Section        0  stm32f0xx_hal_gpio.o(i.HAL_GPIO_WritePin)
    i.HAL_GetTick                            0x08001730   Section        0  stm32f0xx_hal.o(i.HAL_GetTick)
    i.HAL_I2CEx_ConfigAnalogFilter           0x0800173c   Section        0  stm32f0xx_hal_i2c_ex.o(i.HAL_I2CEx_ConfigAnalogFilter)
    i.HAL_I2CEx_ConfigDigitalFilter          0x08001786   Section        0  stm32f0xx_hal_i2c_ex.o(i.HAL_I2CEx_ConfigDigitalFilter)
    i.HAL_I2C_Init                           0x080017d0   Section        0  stm32f0xx_hal_i2c.o(i.HAL_I2C_Init)
    i.HAL_I2C_Mem_Read                       0x08001884   Section        0  stm32f0xx_hal_i2c.o(i.HAL_I2C_Mem_Read)
    i.HAL_I2C_Mem_Read_Param                 0x080019dc   Section        0  stm32f0xx_hal_i2c.o(i.HAL_I2C_Mem_Read_Param)
    i.HAL_I2C_Mem_Write                      0x08001b3c   Section        0  stm32f0xx_hal_i2c.o(i.HAL_I2C_Mem_Write)
    i.HAL_I2C_MspInit                        0x08001c90   Section        0  stm32f0xx_hal_msp.o(i.HAL_I2C_MspInit)
    i.HAL_IncTick                            0x08001cd8   Section        0  stm32f0xx_hal.o(i.HAL_IncTick)
    i.HAL_Init                               0x08001ce8   Section        0  stm32f0xx_hal.o(i.HAL_Init)
    i.HAL_InitTick                           0x08001d08   Section        0  stm32f0xx_hal.o(i.HAL_InitTick)
    i.HAL_MspInit                            0x08001d2c   Section        0  stm32f0xx_hal_msp.o(i.HAL_MspInit)
    i.HAL_NVIC_EnableIRQ                     0x08001d70   Section        0  stm32f0xx_hal_cortex.o(i.HAL_NVIC_EnableIRQ)
    i.HAL_NVIC_SetPriority                   0x08001d84   Section        0  stm32f0xx_hal_cortex.o(i.HAL_NVIC_SetPriority)
    i.HAL_NVIC_SystemReset                   0x08001d8c   Section        0  stm32f0xx_hal_cortex.o(i.HAL_NVIC_SystemReset)
    i.HAL_RCCEx_PeriphCLKConfig              0x08001da8   Section        0  stm32f0xx_hal_rcc_ex.o(i.HAL_RCCEx_PeriphCLKConfig)
    i.HAL_RCC_ClockConfig                    0x08001e90   Section        0  stm32f0xx_hal_rcc.o(i.HAL_RCC_ClockConfig)
    i.HAL_RCC_GetHCLKFreq                    0x08001fbc   Section        0  stm32f0xx_hal_rcc.o(i.HAL_RCC_GetHCLKFreq)
    i.HAL_RCC_GetPCLK1Freq                   0x08001fc8   Section        0  stm32f0xx_hal_rcc.o(i.HAL_RCC_GetPCLK1Freq)
    i.HAL_RCC_GetSysClockFreq                0x08001fe8   Section        0  stm32f0xx_hal_rcc.o(i.HAL_RCC_GetSysClockFreq)
    i.HAL_RCC_OscConfig                      0x08002060   Section        0  stm32f0xx_hal_rcc.o(i.HAL_RCC_OscConfig)
    i.HAL_SYSTICK_CLKSourceConfig            0x080023b4   Section        0  stm32f0xx_hal_cortex.o(i.HAL_SYSTICK_CLKSourceConfig)
    i.HAL_SYSTICK_Callback                   0x080023cc   Section        0  stm32f0xx_hal_cortex.o(i.HAL_SYSTICK_Callback)
    i.HAL_SYSTICK_Config                     0x080023d0   Section        0  stm32f0xx_hal_cortex.o(i.HAL_SYSTICK_Config)
    i.HAL_SYSTICK_IRQHandler                 0x08002400   Section        0  stm32f0xx_hal_cortex.o(i.HAL_SYSTICK_IRQHandler)
    i.HAL_TIMEx_BreakCallback                0x08002408   Section        0  stm32f0xx_hal_tim_ex.o(i.HAL_TIMEx_BreakCallback)
    i.HAL_TIMEx_CommutationCallback          0x0800240a   Section        0  stm32f0xx_hal_tim_ex.o(i.HAL_TIMEx_CommutationCallback)
    i.HAL_TIMEx_ConfigBreakDeadTime          0x0800240c   Section        0  stm32f0xx_hal_tim_ex.o(i.HAL_TIMEx_ConfigBreakDeadTime)
    i.HAL_TIMEx_MasterConfigSynchronization  0x0800246c   Section        0  stm32f0xx_hal_tim_ex.o(i.HAL_TIMEx_MasterConfigSynchronization)
    i.HAL_TIM_Base_Init                      0x080024b4   Section        0  stm32f0xx_hal_tim.o(i.HAL_TIM_Base_Init)
    i.HAL_TIM_Base_MspInit                   0x080024e8   Section        0  stm32f0xx_hal_msp.o(i.HAL_TIM_Base_MspInit)
    i.HAL_TIM_ConfigClockSource              0x0800250c   Section        0  stm32f0xx_hal_tim.o(i.HAL_TIM_ConfigClockSource)
    i.HAL_TIM_IC_CaptureCallback             0x080025fa   Section        0  drv_ir.o(i.HAL_TIM_IC_CaptureCallback)
    i.HAL_TIM_IC_ConfigChannel               0x08002616   Section        0  stm32f0xx_hal_tim.o(i.HAL_TIM_IC_ConfigChannel)
    i.HAL_TIM_IC_Init                        0x08002736   Section        0  stm32f0xx_hal_tim.o(i.HAL_TIM_IC_Init)
    i.HAL_TIM_IC_MspInit                     0x0800276c   Section        0  stm32f0xx_hal_msp.o(i.HAL_TIM_IC_MspInit)
    i.HAL_TIM_IC_Start_IT                    0x080027c0   Section        0  stm32f0xx_hal_tim.o(i.HAL_TIM_IC_Start_IT)
    i.HAL_TIM_IRQHandler                     0x08002808   Section        0  stm32f0xx_hal_tim.o(i.HAL_TIM_IRQHandler)
    i.HAL_TIM_MspPostInit                    0x0800296c   Section        0  stm32f0xx_hal_msp.o(i.HAL_TIM_MspPostInit)
    i.HAL_TIM_OC_DelayElapsedCallback        0x0800299c   Section        0  stm32f0xx_hal_tim.o(i.HAL_TIM_OC_DelayElapsedCallback)
    i.HAL_TIM_PWM_ConfigChannel              0x0800299e   Section        0  stm32f0xx_hal_tim.o(i.HAL_TIM_PWM_ConfigChannel)
    i.HAL_TIM_PWM_Init                       0x08002a6e   Section        0  stm32f0xx_hal_tim.o(i.HAL_TIM_PWM_Init)
    i.HAL_TIM_PWM_MspInit                    0x08002aa2   Section        0  stm32f0xx_hal_tim.o(i.HAL_TIM_PWM_MspInit)
    i.HAL_TIM_PWM_PulseFinishedCallback      0x08002aa4   Section        0  stm32f0xx_hal_tim.o(i.HAL_TIM_PWM_PulseFinishedCallback)
    i.HAL_TIM_PWM_Start                      0x08002aa8   Section        0  stm32f0xx_hal_tim.o(i.HAL_TIM_PWM_Start)
    i.HAL_TIM_PeriodElapsedCallback          0x08002af8   Section        0  stm32f0xx_hal_tim.o(i.HAL_TIM_PeriodElapsedCallback)
    i.HAL_TIM_ReadCapturedValue              0x08002afa   Section        0  stm32f0xx_hal_tim.o(i.HAL_TIM_ReadCapturedValue)
    i.HAL_TIM_TriggerCallback                0x08002b40   Section        0  stm32f0xx_hal_tim.o(i.HAL_TIM_TriggerCallback)
    i.HAL_UART_ErrorCallback                 0x08002b42   Section        0  stm32f0xx_hal_uart.o(i.HAL_UART_ErrorCallback)
    i.HAL_UART_IRQHandler                    0x08002b44   Section        0  stm32f0xx_hal_uart.o(i.HAL_UART_IRQHandler)
    i.HAL_UART_Init                          0x08002c58   Section        0  stm32f0xx_hal_uart.o(i.HAL_UART_Init)
    i.HAL_UART_MspInit                       0x08002cc4   Section        0  stm32f0xx_hal_msp.o(i.HAL_UART_MspInit)
    i.HAL_UART_Receive                       0x08002d1c   Section        0  stm32f0xx_hal_uart.o(i.HAL_UART_Receive)
    i.HAL_UART_RxCpltCallback                0x08002e00   Section        0  stm32f0xx_hal_uart.o(i.HAL_UART_RxCpltCallback)
    i.HAL_UART_Transmit                      0x08002e02   Section        0  stm32f0xx_hal_uart.o(i.HAL_UART_Transmit)
    i.HAL_UART_TxCpltCallback                0x08002eca   Section        0  stm32f0xx_hal_uart.o(i.HAL_UART_TxCpltCallback)
    i.HardFault_Handler                      0x08002ecc   Section        0  stm32f0xx_it.o(i.HardFault_Handler)
    i.I2C_Flush_TXDR                         0x08002ece   Section        0  stm32f0xx_hal_i2c.o(i.I2C_Flush_TXDR)
    I2C_Flush_TXDR                           0x08002ecf   Thumb Code    34  stm32f0xx_hal_i2c.o(i.I2C_Flush_TXDR)
    i.I2C_IsAcknowledgeFailed                0x08002ef0   Section        0  stm32f0xx_hal_i2c.o(i.I2C_IsAcknowledgeFailed)
    I2C_IsAcknowledgeFailed                  0x08002ef1   Thumb Code   110  stm32f0xx_hal_i2c.o(i.I2C_IsAcknowledgeFailed)
    i.I2C_RequestMemoryRead                  0x08002f64   Section        0  stm32f0xx_hal_i2c.o(i.I2C_RequestMemoryRead)
    I2C_RequestMemoryRead                    0x08002f65   Thumb Code   106  stm32f0xx_hal_i2c.o(i.I2C_RequestMemoryRead)
    i.I2C_RequestMemoryReadParam             0x08002fce   Section        0  stm32f0xx_hal_i2c.o(i.I2C_RequestMemoryReadParam)
    I2C_RequestMemoryReadParam               0x08002fcf   Thumb Code   154  stm32f0xx_hal_i2c.o(i.I2C_RequestMemoryReadParam)
    i.I2C_RequestMemoryWrite                 0x08003068   Section        0  stm32f0xx_hal_i2c.o(i.I2C_RequestMemoryWrite)
    I2C_RequestMemoryWrite                   0x08003069   Thumb Code   106  stm32f0xx_hal_i2c.o(i.I2C_RequestMemoryWrite)
    i.I2C_TransferConfig                     0x080030d4   Section        0  stm32f0xx_hal_i2c.o(i.I2C_TransferConfig)
    I2C_TransferConfig                       0x080030d5   Thumb Code    30  stm32f0xx_hal_i2c.o(i.I2C_TransferConfig)
    i.I2C_WaitOnFlagUntilTimeout             0x080030f8   Section        0  stm32f0xx_hal_i2c.o(i.I2C_WaitOnFlagUntilTimeout)
    I2C_WaitOnFlagUntilTimeout               0x080030f9   Thumb Code    72  stm32f0xx_hal_i2c.o(i.I2C_WaitOnFlagUntilTimeout)
    i.I2C_WaitOnSTOPFlagUntilTimeout         0x08003140   Section        0  stm32f0xx_hal_i2c.o(i.I2C_WaitOnSTOPFlagUntilTimeout)
    I2C_WaitOnSTOPFlagUntilTimeout           0x08003141   Thumb Code    78  stm32f0xx_hal_i2c.o(i.I2C_WaitOnSTOPFlagUntilTimeout)
    i.I2C_WaitOnTXISFlagUntilTimeout         0x0800318e   Section        0  stm32f0xx_hal_i2c.o(i.I2C_WaitOnTXISFlagUntilTimeout)
    I2C_WaitOnTXISFlagUntilTimeout           0x0800318f   Thumb Code    82  stm32f0xx_hal_i2c.o(i.I2C_WaitOnTXISFlagUntilTimeout)
    i.MX_ADC_Init                            0x080031e0   Section        0  main.o(i.MX_ADC_Init)
    MX_ADC_Init                              0x080031e1   Thumb Code    82  main.o(i.MX_ADC_Init)
    i.MX_CRC_Init                            0x0800323c   Section        0  main.o(i.MX_CRC_Init)
    MX_CRC_Init                              0x0800323d   Thumb Code    50  main.o(i.MX_CRC_Init)
    i.MX_GPIO_Init                           0x08003278   Section        0  main.o(i.MX_GPIO_Init)
    MX_GPIO_Init                             0x08003279   Thumb Code   154  main.o(i.MX_GPIO_Init)
    i.MX_I2C2_Init                           0x08003324   Section        0  main.o(i.MX_I2C2_Init)
    MX_I2C2_Init                             0x08003325   Thumb Code    70  main.o(i.MX_I2C2_Init)
    i.MX_TIM1_Init                           0x08003378   Section        0  main.o(i.MX_TIM1_Init)
    MX_TIM1_Init                             0x08003379   Thumb Code   162  main.o(i.MX_TIM1_Init)
    i.MX_TIM3_Init                           0x08003424   Section        0  main.o(i.MX_TIM3_Init)
    MX_TIM3_Init                             0x08003425   Thumb Code    86  main.o(i.MX_TIM3_Init)
    i.MX_USART1_UART_Init                    0x08003488   Section        0  main.o(i.MX_USART1_UART_Init)
    MX_USART1_UART_Init                      0x08003489   Thumb Code    46  main.o(i.MX_USART1_UART_Init)
    i.NMI_Handler                            0x080034c0   Section        0  stm32f0xx_it.o(i.NMI_Handler)
    i.NVIC_SetPriority                       0x080034c4   Section        0  stm32f0xx_hal_cortex.o(i.NVIC_SetPriority)
    NVIC_SetPriority                         0x080034c5   Thumb Code    60  stm32f0xx_hal_cortex.o(i.NVIC_SetPriority)
    i.PendSV_Handler                         0x08003508   Section        0  stm32f0xx_it.o(i.PendSV_Handler)
    i.SVC_Handler                            0x0800350a   Section        0  stm32f0xx_it.o(i.SVC_Handler)
    i.SysTick_Handler                        0x0800350c   Section        0  stm32f0xx_it.o(i.SysTick_Handler)
    i.SystemClock_Config                     0x08003518   Section        0  main.o(i.SystemClock_Config)
    i.SystemInit                             0x08003588   Section        0  system_stm32f0xx.o(i.SystemInit)
    i.TIM3_IRQHandler                        0x080035e4   Section        0  stm32f0xx_it.o(i.TIM3_IRQHandler)
    i.TIM_Base_SetConfig                     0x080035f4   Section        0  stm32f0xx_hal_tim.o(i.TIM_Base_SetConfig)
    i.TIM_CCxChannelCmd                      0x0800367c   Section        0  stm32f0xx_hal_tim.o(i.TIM_CCxChannelCmd)
    i.TIM_ETR_SetConfig                      0x08003692   Section        0  stm32f0xx_hal_tim.o(i.TIM_ETR_SetConfig)
    i.TIM_ITRx_SetConfig                     0x080036a8   Section        0  stm32f0xx_hal_tim.o(i.TIM_ITRx_SetConfig)
    TIM_ITRx_SetConfig                       0x080036a9   Thumb Code    16  stm32f0xx_hal_tim.o(i.TIM_ITRx_SetConfig)
    i.TIM_OC1_SetConfig                      0x080036b8   Section        0  stm32f0xx_hal_tim.o(i.TIM_OC1_SetConfig)
    TIM_OC1_SetConfig                        0x080036b9   Thumb Code   120  stm32f0xx_hal_tim.o(i.TIM_OC1_SetConfig)
    i.TIM_OC2_SetConfig                      0x08003740   Section        0  stm32f0xx_hal_tim.o(i.TIM_OC2_SetConfig)
    i.TIM_OC3_SetConfig                      0x080037c0   Section        0  stm32f0xx_hal_tim.o(i.TIM_OC3_SetConfig)
    TIM_OC3_SetConfig                        0x080037c1   Thumb Code   114  stm32f0xx_hal_tim.o(i.TIM_OC3_SetConfig)
    i.TIM_OC4_SetConfig                      0x08003844   Section        0  stm32f0xx_hal_tim.o(i.TIM_OC4_SetConfig)
    TIM_OC4_SetConfig                        0x08003845   Thumb Code    90  stm32f0xx_hal_tim.o(i.TIM_OC4_SetConfig)
    i.TIM_TI1_ConfigInputStage               0x080038b0   Section        0  stm32f0xx_hal_tim.o(i.TIM_TI1_ConfigInputStage)
    TIM_TI1_ConfigInputStage                 0x080038b1   Thumb Code    34  stm32f0xx_hal_tim.o(i.TIM_TI1_ConfigInputStage)
    i.TIM_TI1_SetConfig                      0x080038d4   Section        0  stm32f0xx_hal_tim.o(i.TIM_TI1_SetConfig)
    i.TIM_TI2_ConfigInputStage               0x08003924   Section        0  stm32f0xx_hal_tim.o(i.TIM_TI2_ConfigInputStage)
    TIM_TI2_ConfigInputStage                 0x08003925   Thumb Code    38  stm32f0xx_hal_tim.o(i.TIM_TI2_ConfigInputStage)
    i.TIM_TI2_SetConfig                      0x0800394a   Section        0  stm32f0xx_hal_tim.o(i.TIM_TI2_SetConfig)
    TIM_TI2_SetConfig                        0x0800394b   Thumb Code    52  stm32f0xx_hal_tim.o(i.TIM_TI2_SetConfig)
    i.UART_AdvFeatureConfig                  0x0800397e   Section        0  stm32f0xx_hal_uart.o(i.UART_AdvFeatureConfig)
    i.UART_CheckIdleState                    0x08003a48   Section        0  stm32f0xx_hal_uart.o(i.UART_CheckIdleState)
    i.UART_DMAAbortOnError                   0x08003a5a   Section        0  stm32f0xx_hal_uart.o(i.UART_DMAAbortOnError)
    UART_DMAAbortOnError                     0x08003a5b   Thumb Code    20  stm32f0xx_hal_uart.o(i.UART_DMAAbortOnError)
    i.UART_EndRxTransfer                     0x08003a6e   Section        0  stm32f0xx_hal_uart.o(i.UART_EndRxTransfer)
    UART_EndRxTransfer                       0x08003a6f   Thumb Code    30  stm32f0xx_hal_uart.o(i.UART_EndRxTransfer)
    i.UART_EndTransmit_IT                    0x08003a8c   Section        0  stm32f0xx_hal_uart.o(i.UART_EndTransmit_IT)
    i.UART_Receive_IT                        0x08003aa6   Section        0  stm32f0xx_hal_uart.o(i.UART_Receive_IT)
    i.UART_SetConfig                         0x08003b20   Section        0  stm32f0xx_hal_uart.o(i.UART_SetConfig)
    i.UART_Transmit_IT                       0x08003c50   Section        0  stm32f0xx_hal_uart.o(i.UART_Transmit_IT)
    i.UART_WaitOnFlagUntilTimeout            0x08003cb6   Section        0  stm32f0xx_hal_uart.o(i.UART_WaitOnFlagUntilTimeout)
    i.USART1_IRQHandler                      0x08003d18   Section        0  stm32f0xx_it.o(i.USART1_IRQHandler)
    i.__0vsnprintf                           0x08003d28   Section        0  printfa.o(i.__0vsnprintf)
    i.__ARM_clz                              0x08003d54   Section        0  depilogue.o(i.__ARM_clz)
    i.__ARM_common_switch8                   0x08003d82   Section        0  drv_dlpc.o(i.__ARM_common_switch8)
    i.__scatterload_copy                     0x08003d9c   Section       14  handlers.o(i.__scatterload_copy)
    i.__scatterload_null                     0x08003daa   Section        2  handlers.o(i.__scatterload_null)
    i.__scatterload_zeroinit                 0x08003dac   Section       14  handlers.o(i.__scatterload_zeroinit)
    i._fp_digits                             0x08003dbc   Section        0  printfa.o(i._fp_digits)
    _fp_digits                               0x08003dbd   Thumb Code   344  printfa.o(i._fp_digits)
    i._printf_core                           0x08003f30   Section        0  printfa.o(i._printf_core)
    _printf_core                             0x08003f31   Thumb Code  1754  printfa.o(i._printf_core)
    i._printf_post_padding                   0x0800461c   Section        0  printfa.o(i._printf_post_padding)
    _printf_post_padding                     0x0800461d   Thumb Code    32  printfa.o(i._printf_post_padding)
    i._printf_pre_padding                    0x0800463c   Section        0  printfa.o(i._printf_pre_padding)
    _printf_pre_padding                      0x0800463d   Thumb Code    44  printfa.o(i._printf_pre_padding)
    i._snputc                                0x08004668   Section        0  printfa.o(i._snputc)
    _snputc                                  0x08004669   Thumb Code    22  printfa.o(i._snputc)
    i.change_bank                            0x0800467e   Section        0  drv_hdmi_rcvr.o(i.change_bank)
    change_bank                              0x0800467f   Thumb Code    16  drv_hdmi_rcvr.o(i.change_bank)
    i.drv_dlpc_proj_ctrl                     0x08004690   Section        0  drv_dlpc.o(i.drv_dlpc_proj_ctrl)
    i.drv_dlpc_reset_keystone                0x080046bc   Section        0  drv_dlpc.o(i.drv_dlpc_reset_keystone)
    i.drv_dlpc_set_current                   0x080046f4   Section        0  drv_dlpc.o(i.drv_dlpc_set_current)
    i.drv_dlpc_set_input                     0x08004780   Section        0  drv_dlpc.o(i.drv_dlpc_set_input)
    i.drv_dlpc_set_keystone                  0x080048e4   Section        0  drv_dlpc.o(i.drv_dlpc_set_keystone)
    i.drv_dlpc_set_orient                    0x08004994   Section        0  drv_dlpc.o(i.drv_dlpc_set_orient)
    i.drv_dlpc_sw                            0x080049e0   Section        0  drv_dlpc.o(i.drv_dlpc_sw)
    i.drv_dlpc_switch_test_pattern           0x08004b9c   Section        0  drv_dlpc.o(i.drv_dlpc_switch_test_pattern)
    i.drv_eeprom_read_edid                   0x08004c80   Section        0  drv_eeprom.o(i.drv_eeprom_read_edid)
    i.drv_eeprom_write_edid                  0x08004d14   Section        0  drv_eeprom.o(i.drv_eeprom_write_edid)
    i.drv_fan_off                            0x08004e34   Section        0  drv_fan.o(i.drv_fan_off)
    i.drv_fan_on                             0x08004e4c   Section        0  drv_fan.o(i.drv_fan_on)
    i.drv_fan_speed                          0x08004e64   Section        0  drv_fan.o(i.drv_fan_speed)
    i.drv_hdmi_get_p0_status                 0x08004e78   Section        0  drv_hdmi_rcvr.o(i.drv_hdmi_get_p0_status)
    i.drv_hdmi_get_reg                       0x0800532c   Section        0  drv_hdmi_rcvr.o(i.drv_hdmi_get_reg)
    drv_hdmi_get_reg                         0x0800532d   Thumb Code   106  drv_hdmi_rcvr.o(i.drv_hdmi_get_reg)
    i.drv_hdmi_identify_chip                 0x0800539c   Section        0  drv_hdmi_rcvr.o(i.drv_hdmi_identify_chip)
    drv_hdmi_identify_chip                   0x0800539d   Thumb Code   110  drv_hdmi_rcvr.o(i.drv_hdmi_identify_chip)
    i.drv_hdmi_init                          0x0800542c   Section        0  drv_hdmi_rcvr.o(i.drv_hdmi_init)
    drv_hdmi_init                            0x0800542d   Thumb Code    70  drv_hdmi_rcvr.o(i.drv_hdmi_init)
    i.drv_hdmi_init_edid                     0x080054c4   Section        0  drv_hdmi_rcvr.o(i.drv_hdmi_init_edid)
    drv_hdmi_init_edid                       0x080054c5   Thumb Code   142  drv_hdmi_rcvr.o(i.drv_hdmi_init_edid)
    i.drv_hdmi_set_reg                       0x0800555c   Section        0  drv_hdmi_rcvr.o(i.drv_hdmi_set_reg)
    drv_hdmi_set_reg                         0x0800555d   Thumb Code    80  drv_hdmi_rcvr.o(i.drv_hdmi_set_reg)
    i.drv_motor_move_execute                 0x080055b0   Section        0  drv_motor.o(i.drv_motor_move_execute)
    drv_motor_move_execute                   0x080055b1   Thumb Code   160  drv_motor.o(i.drv_motor_move_execute)
    i.drv_motor_move_forward                 0x08005654   Section        0  drv_motor.o(i.drv_motor_move_forward)
    i.drv_motor_move_reverse                 0x08005690   Section        0  drv_motor.o(i.drv_motor_move_reverse)
    i.drv_therm_get_value                    0x080056cc   Section        0  drv_therm.o(i.drv_therm_get_value)
    i.handle_func_keys                       0x08005718   Section        0  drv_serial.o(i.handle_func_keys)
    handle_func_keys                         0x08005719   Thumb Code   192  drv_serial.o(i.handle_func_keys)
    i.handle_power_key                       0x080057d8   Section        0  drv_serial.o(i.handle_power_key)
    handle_power_key                         0x080057d9   Thumb Code    36  drv_serial.o(i.handle_power_key)
    i.main                                   0x08005804   Section        0  main.o(i.main)
    .constdata                               0x08005868   Section      490  drv_hdmi_rcvr.o(.constdata)
    IT6802_HDMI_INIT_TABLE                   0x08005868   Data         234  drv_hdmi_rcvr.o(.constdata)
    EDID                                     0x08005952   Data         256  drv_hdmi_rcvr.o(.constdata)
    .constdata                               0x08005a52   Section       16  system_stm32f0xx.o(.constdata)
    .constdata                               0x08005a62   Section        8  system_stm32f0xx.o(.constdata)
    .conststring                             0x08005a6c   Section      213  drv_dlpc.o(.conststring)
    .conststring                             0x08005b44   Section       68  drv_eeprom.o(.conststring)
    .data                                    0x20000000   Section       32  drv_ir.o(.data)
    IR_index                                 0x20000000   Data           1  drv_ir.o(.data)
    IR_index                                 0x20000001   Data           1  drv_ir.o(.data)
    IR_repeat                                0x20000002   Data           1  drv_ir.o(.data)
    IR_valid                                 0x20000003   Data           1  drv_ir.o(.data)
    IR_code                                  0x20000004   Data           2  drv_ir.o(.data)
    IR_code                                  0x20000006   Data           2  drv_ir.o(.data)
    IR_data16L                               0x20000008   Data           2  drv_ir.o(.data)
    IR_data16H                               0x2000000a   Data           2  drv_ir.o(.data)
    IR_captured                              0x2000000c   Data           4  drv_ir.o(.data)
    IR_data                                  0x20000010   Data           4  drv_ir.o(.data)
    IR_captured                              0x20000014   Data           4  drv_ir.o(.data)
    IR_data                                  0x20000018   Data           4  drv_ir.o(.data)
    IR_start                                 0x2000001c   Data           4  drv_ir.o(.data)
    .data                                    0x20000020   Section        4  drv_led.o(.data)
    tickstart                                0x20000020   Data           4  drv_led.o(.data)
    .data                                    0x20000024   Section        5  drv_motor.o(.data)
    step                                     0x20000024   Data           1  drv_motor.o(.data)
    motor_steps                              0x20000025   Data           4  drv_motor.o(.data)
    .data                                    0x2000002c   Section       56  drv_serial.o(.data)
    single_cmd                               0x2000002c   Data           5  drv_serial.o(.data)
    cmd_tbl                                  0x20000034   Data          48  drv_serial.o(.data)
    .data                                    0x20000064   Section      256  drv_eeprom.o(.data)
    IT6802_HDMI_EDID_TABLE                   0x20000064   Data         256  drv_eeprom.o(.data)
    .data                                    0x20000164   Section       12  drv_fan.o(.data)
    turn_off                                 0x20000164   Data           1  drv_fan.o(.data)
    tickstart                                0x20000168   Data           4  drv_fan.o(.data)
    tickexpire                               0x2000016c   Data           4  drv_fan.o(.data)
    .data                                    0x20000170   Section        4  stm32f0xx_hal.o(.data)
    .data                                    0x20000174   Section        4  system_stm32f0xx.o(.data)
    .bss                                     0x20000178   Section      428  main.o(.bss)
    .bss                                     0x20000324   Section      268  drv_serial.o(.bss)
    log                                      0x20000324   Data          64  drv_serial.o(.bss)
    rpt_cmd                                  0x20000364   Data         102  drv_serial.o(.bss)
    act_cmd                                  0x200003ca   Data         102  drv_serial.o(.bss)
    STACK                                    0x20000430   Section     1024  startup_stm32f030x8.o(STACK)

    Global Symbols

    Symbol Name                              Value     Ov Type        Size  Object(Section)

    BuildAttributes$$THM_ISAv3M$S$PE$A:L22$X:L11$S22$IEEE1$IW$USESV6$~STKCKD$USESV7$~SHL$OTIME$ROPI$EBA8$MICROLIB$REQ8$PRES8$EABIv2 0x00000000   Number         0  anon$$obj.o ABSOLUTE
    __ARM_use_no_argv                        0x00000000   Number         0  main.o ABSOLUTE
    __cpp_initialize__aeabi_                  - Undefined Weak Reference
    __cxa_finalize                            - Undefined Weak Reference
    _clock_init                               - Undefined Weak Reference
    _microlib_exit                            - Undefined Weak Reference
    __Vectors_Size                           0x000000b4   Number         0  startup_stm32f030x8.o ABSOLUTE
    __Vectors                                0x08000000   Data           4  startup_stm32f030x8.o(RESET)
    __Vectors_End                            0x080000b4   Data           0  startup_stm32f030x8.o(RESET)
    __main                                   0x080000b5   Thumb Code     0  entry.o(.ARM.Collect$$$$00000000)
    _main_stk                                0x080000b5   Thumb Code     0  entry2.o(.ARM.Collect$$$$00000001)
    _main_scatterload                        0x080000b9   Thumb Code     0  entry5.o(.ARM.Collect$$$$00000004)
    __main_after_scatterload                 0x080000bd   Thumb Code     0  entry5.o(.ARM.Collect$$$$00000004)
    _main_clock                              0x080000bd   Thumb Code     0  entry7b.o(.ARM.Collect$$$$00000008)
    _main_cpp_init                           0x080000bd   Thumb Code     0  entry8b.o(.ARM.Collect$$$$0000000A)
    _main_init                               0x080000bd   Thumb Code     0  entry9a.o(.ARM.Collect$$$$0000000B)
    __rt_final_cpp                           0x080000c5   Thumb Code     0  entry10a.o(.ARM.Collect$$$$0000000D)
    __rt_final_exit                          0x080000c5   Thumb Code     0  entry11a.o(.ARM.Collect$$$$0000000F)
    Reset_Handler                            0x080000c9   Thumb Code     8  startup_stm32f030x8.o(.text)
    ADC1_IRQHandler                          0x080000db   Thumb Code     0  startup_stm32f030x8.o(.text)
    DMA1_Channel1_IRQHandler                 0x080000db   Thumb Code     0  startup_stm32f030x8.o(.text)
    DMA1_Channel2_3_IRQHandler               0x080000db   Thumb Code     0  startup_stm32f030x8.o(.text)
    DMA1_Channel4_5_IRQHandler               0x080000db   Thumb Code     0  startup_stm32f030x8.o(.text)
    EXTI0_1_IRQHandler                       0x080000db   Thumb Code     0  startup_stm32f030x8.o(.text)
    EXTI2_3_IRQHandler                       0x080000db   Thumb Code     0  startup_stm32f030x8.o(.text)
    EXTI4_15_IRQHandler                      0x080000db   Thumb Code     0  startup_stm32f030x8.o(.text)
    FLASH_IRQHandler                         0x080000db   Thumb Code     0  startup_stm32f030x8.o(.text)
    I2C1_IRQHandler                          0x080000db   Thumb Code     0  startup_stm32f030x8.o(.text)
    I2C2_IRQHandler                          0x080000db   Thumb Code     0  startup_stm32f030x8.o(.text)
    RCC_IRQHandler                           0x080000db   Thumb Code     0  startup_stm32f030x8.o(.text)
    RTC_IRQHandler                           0x080000db   Thumb Code     0  startup_stm32f030x8.o(.text)
    SPI1_IRQHandler                          0x080000db   Thumb Code     0  startup_stm32f030x8.o(.text)
    SPI2_IRQHandler                          0x080000db   Thumb Code     0  startup_stm32f030x8.o(.text)
    TIM14_IRQHandler                         0x080000db   Thumb Code     0  startup_stm32f030x8.o(.text)
    TIM15_IRQHandler                         0x080000db   Thumb Code     0  startup_stm32f030x8.o(.text)
    TIM16_IRQHandler                         0x080000db   Thumb Code     0  startup_stm32f030x8.o(.text)
    TIM17_IRQHandler                         0x080000db   Thumb Code     0  startup_stm32f030x8.o(.text)
    TIM1_BRK_UP_TRG_COM_IRQHandler           0x080000db   Thumb Code     0  startup_stm32f030x8.o(.text)
    TIM1_CC_IRQHandler                       0x080000db   Thumb Code     0  startup_stm32f030x8.o(.text)
    TIM6_IRQHandler                          0x080000db   Thumb Code     0  startup_stm32f030x8.o(.text)
    USART2_IRQHandler                        0x080000db   Thumb Code     0  startup_stm32f030x8.o(.text)
    WWDG_IRQHandler                          0x080000db   Thumb Code     0  startup_stm32f030x8.o(.text)
    __aeabi_uidiv                            0x080000e5   Thumb Code     0  uidiv.o(.text)
    __aeabi_uidivmod                         0x080000e5   Thumb Code    44  uidiv.o(.text)
    __aeabi_llsr                             0x08000111   Thumb Code    34  llushr.o(.text)
    _ll_ushift_r                             0x08000111   Thumb Code     0  llushr.o(.text)
    __aeabi_memcpy                           0x08000133   Thumb Code    36  memcpya.o(.text)
    __aeabi_memcpy4                          0x08000133   Thumb Code     0  memcpya.o(.text)
    __aeabi_memcpy8                          0x08000133   Thumb Code     0  memcpya.o(.text)
    __aeabi_memset                           0x08000157   Thumb Code    14  memseta.o(.text)
    __aeabi_memset4                          0x08000157   Thumb Code     0  memseta.o(.text)
    __aeabi_memset8                          0x08000157   Thumb Code     0  memseta.o(.text)
    __aeabi_memclr                           0x08000165   Thumb Code     4  memseta.o(.text)
    __aeabi_memclr4                          0x08000165   Thumb Code     0  memseta.o(.text)
    __aeabi_memclr8                          0x08000165   Thumb Code     0  memseta.o(.text)
    _memset$wrapper                          0x08000169   Thumb Code    18  memseta.o(.text)
    strlen                                   0x0800017b   Thumb Code    14  strlen.o(.text)
    memcmp                                   0x08000189   Thumb Code    26  memcmp.o(.text)
    __aeabi_uread4                           0x080001a3   Thumb Code    20  uread4.o(.text)
    __rt_uread4                              0x080001a3   Thumb Code     0  uread4.o(.text)
    _uread4                                  0x080001a3   Thumb Code     0  uread4.o(.text)
    __aeabi_fmul                             0x080001b7   Thumb Code   122  fmul.o(.text)
    __ARM_scalbnf                            0x08000231   Thumb Code    24  fscalb.o(.text)
    scalbnf                                  0x08000231   Thumb Code     0  fscalb.o(.text)
    __aeabi_ui2f                             0x08000249   Thumb Code    14  ffltui.o(.text)
    __aeabi_f2d                              0x08000257   Thumb Code    40  f2d.o(.text)
    __aeabi_uldivmod                         0x0800027f   Thumb Code    96  uldiv.o(.text)
    __I$use$fp                               0x080002df   Thumb Code     0  iusefp.o(.text)
    _float_round                             0x080002df   Thumb Code    16  fepilogue.o(.text)
    _float_epilogue                          0x080002ef   Thumb Code   114  fepilogue.o(.text)
    __aeabi_dadd                             0x08000361   Thumb Code   328  dadd.o(.text)
    __aeabi_dsub                             0x080004a9   Thumb Code    12  dadd.o(.text)
    __aeabi_drsub                            0x080004b5   Thumb Code    12  dadd.o(.text)
    __aeabi_dmul                             0x080004c5   Thumb Code   202  dmul.o(.text)
    __aeabi_ddiv                             0x08000595   Thumb Code   234  ddiv.o(.text)
    __aeabi_d2ulz                            0x08000685   Thumb Code    54  dfixul.o(.text)
    __aeabi_cdrcmple                         0x080006c5   Thumb Code    38  cdrcmple.o(.text)
    __scatterload                            0x080006ed   Thumb Code    28  init.o(.text)
    __scatterload_rt2                        0x080006ed   Thumb Code     0  init.o(.text)
    __aeabi_llsl                             0x08000711   Thumb Code    32  llshl.o(.text)
    _ll_shift_l                              0x08000711   Thumb Code     0  llshl.o(.text)
    __aeabi_lasr                             0x08000731   Thumb Code    38  llsshr.o(.text)
    _ll_sshift_r                             0x08000731   Thumb Code     0  llsshr.o(.text)
    _double_round                            0x08000757   Thumb Code    26  depilogue.o(.text)
    _double_epilogue                         0x08000771   Thumb Code   164  depilogue.o(.text)
    __decompress                             0x08000815   Thumb Code     0  __dczerorl2.o(.text)
    __decompress1                            0x08000815   Thumb Code    86  __dczerorl2.o(.text)
    Drv_ACC_CMD_Handler                      0x080009a9   Thumb Code     6  drv_serial.o(i.Drv_ACC_CMD_Handler)
    Drv_DLPC_CMD_Handler                     0x08000a01   Thumb Code    84  drv_serial.o(i.Drv_DLPC_CMD_Handler)
    Drv_DLPC_Init                            0x08000a55   Thumb Code     2  drv_dlpc.o(i.Drv_DLPC_Init)
    Drv_EEPROM_CMD_Handler                   0x08000a59   Thumb Code    26  drv_serial.o(i.Drv_EEPROM_CMD_Handler)
    Drv_FAN_CMD_Handler                      0x08000a79   Thumb Code    42  drv_serial.o(i.Drv_FAN_CMD_Handler)
    Drv_FAN_Init                             0x08000aa5   Thumb Code    20  drv_fan.o(i.Drv_FAN_Init)
    Drv_FAN_Proc                             0x08000ac1   Thumb Code    36  drv_fan.o(i.Drv_FAN_Proc)
    Drv_HDMI_RCVR_CMD_Handler                0x08000aed   Thumb Code    16  drv_serial.o(i.Drv_HDMI_RCVR_CMD_Handler)
    Drv_HDMI_RCVR_Init                       0x08000b01   Thumb Code    72  drv_hdmi_rcvr.o(i.Drv_HDMI_RCVR_Init)
    Drv_IR_CMD_Handler                       0x08000b9d   Thumb Code    96  drv_serial.o(i.Drv_IR_CMD_Handler)
    Drv_IR_Init                              0x08000c35   Thumb Code    12  drv_ir.o(i.Drv_IR_Init)
    Drv_LED_Init                             0x08000edd   Thumb Code    22  drv_led.o(i.Drv_LED_Init)
    Drv_LED_Proc                             0x08000efd   Thumb Code    36  drv_led.o(i.Drv_LED_Proc)
    Drv_MOTOR_Init                           0x08000f49   Thumb Code    66  drv_motor.o(i.Drv_MOTOR_Init)
    Drv_SERIAL_Act                           0x08000f91   Thumb Code    56  drv_serial.o(i.Drv_SERIAL_Act)
    Drv_SERIAL_Init                          0x08000fcd   Thumb Code    22  drv_serial.o(i.Drv_SERIAL_Init)
    Drv_SERIAL_Log                           0x08000fe9   Thumb Code    66  drv_serial.o(i.Drv_SERIAL_Log)
    Drv_SERIAL_Proc                          0x08001035   Thumb Code   158  drv_serial.o(i.Drv_SERIAL_Proc)
    Drv_SERIAL_Rpt                           0x080010e5   Thumb Code    56  drv_serial.o(i.Drv_SERIAL_Rpt)
    Drv_THERM_Init                           0x08001149   Thumb Code    10  drv_therm.o(i.Drv_THERM_Init)
    HAL_ADC_ConfigChannel                    0x08001159   Thumb Code   254  stm32f0xx_hal_adc.o(i.HAL_ADC_ConfigChannel)
    HAL_ADC_GetValue                         0x08001269   Thumb Code     6  stm32f0xx_hal_adc.o(i.HAL_ADC_GetValue)
    HAL_ADC_Init                             0x08001271   Thumb Code   364  stm32f0xx_hal_adc.o(i.HAL_ADC_Init)
    HAL_ADC_MspInit                          0x080013e5   Thumb Code    54  stm32f0xx_hal_msp.o(i.HAL_ADC_MspInit)
    HAL_ADC_Start                            0x08001425   Thumb Code    86  stm32f0xx_hal_adc.o(i.HAL_ADC_Start)
    HAL_CRCEx_Init                           0x08001481   Thumb Code     4  stm32f0xx_hal_crc_ex.o(i.HAL_CRCEx_Init)
    HAL_CRC_Calculate                        0x08001485   Thumb Code    96  stm32f0xx_hal_crc.o(i.HAL_CRC_Calculate)
    HAL_CRC_Init                             0x080014e5   Thumb Code    92  stm32f0xx_hal_crc.o(i.HAL_CRC_Init)
    HAL_CRC_MspInit                          0x08001541   Thumb Code    28  stm32f0xx_hal_msp.o(i.HAL_CRC_MspInit)
    HAL_DMA_Abort_IT                         0x08001565   Thumb Code    72  stm32f0xx_hal_dma.o(i.HAL_DMA_Abort_IT)
    HAL_Delay                                0x080015ad   Thumb Code    28  stm32f0xx_hal.o(i.HAL_Delay)
    HAL_GPIO_Init                            0x080015c9   Thumb Code   302  stm32f0xx_hal_gpio.o(i.HAL_GPIO_Init)
    HAL_GPIO_ReadPin                         0x08001711   Thumb Code    10  stm32f0xx_hal_gpio.o(i.HAL_GPIO_ReadPin)
    HAL_GPIO_TogglePin                       0x0800171b   Thumb Code     8  stm32f0xx_hal_gpio.o(i.HAL_GPIO_TogglePin)
    HAL_GPIO_WritePin                        0x08001723   Thumb Code    12  stm32f0xx_hal_gpio.o(i.HAL_GPIO_WritePin)
    HAL_GetTick                              0x08001731   Thumb Code     6  stm32f0xx_hal.o(i.HAL_GetTick)
    HAL_I2CEx_ConfigAnalogFilter             0x0800173d   Thumb Code    74  stm32f0xx_hal_i2c_ex.o(i.HAL_I2CEx_ConfigAnalogFilter)
    HAL_I2CEx_ConfigDigitalFilter            0x08001787   Thumb Code    72  stm32f0xx_hal_i2c_ex.o(i.HAL_I2CEx_ConfigDigitalFilter)
    HAL_I2C_Init                             0x080017d1   Thumb Code   176  stm32f0xx_hal_i2c.o(i.HAL_I2C_Init)
    HAL_I2C_Mem_Read                         0x08001885   Thumb Code   340  stm32f0xx_hal_i2c.o(i.HAL_I2C_Mem_Read)
    HAL_I2C_Mem_Read_Param                   0x080019dd   Thumb Code   348  stm32f0xx_hal_i2c.o(i.HAL_I2C_Mem_Read_Param)
    HAL_I2C_Mem_Write                        0x08001b3d   Thumb Code   334  stm32f0xx_hal_i2c.o(i.HAL_I2C_Mem_Write)
    HAL_I2C_MspInit                          0x08001c91   Thumb Code    58  stm32f0xx_hal_msp.o(i.HAL_I2C_MspInit)
    HAL_IncTick                              0x08001cd9   Thumb Code    10  stm32f0xx_hal.o(i.HAL_IncTick)
    HAL_Init                                 0x08001ce9   Thumb Code    26  stm32f0xx_hal.o(i.HAL_Init)
    HAL_InitTick                             0x08001d09   Thumb Code    34  stm32f0xx_hal.o(i.HAL_InitTick)
    HAL_MspInit                              0x08001d2d   Thumb Code    64  stm32f0xx_hal_msp.o(i.HAL_MspInit)
    HAL_NVIC_EnableIRQ                       0x08001d71   Thumb Code    14  stm32f0xx_hal_cortex.o(i.HAL_NVIC_EnableIRQ)
    HAL_NVIC_SetPriority                     0x08001d85   Thumb Code     8  stm32f0xx_hal_cortex.o(i.HAL_NVIC_SetPriority)
    HAL_NVIC_SystemReset                     0x08001d8d   Thumb Code    18  stm32f0xx_hal_cortex.o(i.HAL_NVIC_SystemReset)
    HAL_RCCEx_PeriphCLKConfig                0x08001da9   Thumb Code   218  stm32f0xx_hal_rcc_ex.o(i.HAL_RCCEx_PeriphCLKConfig)
    HAL_RCC_ClockConfig                      0x08001e91   Thumb Code   280  stm32f0xx_hal_rcc.o(i.HAL_RCC_ClockConfig)
    HAL_RCC_GetHCLKFreq                      0x08001fbd   Thumb Code     6  stm32f0xx_hal_rcc.o(i.HAL_RCC_GetHCLKFreq)
    HAL_RCC_GetPCLK1Freq                     0x08001fc9   Thumb Code    20  stm32f0xx_hal_rcc.o(i.HAL_RCC_GetPCLK1Freq)
    HAL_RCC_GetSysClockFreq                  0x08001fe9   Thumb Code    76  stm32f0xx_hal_rcc.o(i.HAL_RCC_GetSysClockFreq)
    HAL_RCC_OscConfig                        0x08002061   Thumb Code   840  stm32f0xx_hal_rcc.o(i.HAL_RCC_OscConfig)
    HAL_SYSTICK_CLKSourceConfig              0x080023b5   Thumb Code    20  stm32f0xx_hal_cortex.o(i.HAL_SYSTICK_CLKSourceConfig)
    HAL_SYSTICK_Callback                     0x080023cd   Thumb Code     2  stm32f0xx_hal_cortex.o(i.HAL_SYSTICK_Callback)
    HAL_SYSTICK_Config                       0x080023d1   Thumb Code    38  stm32f0xx_hal_cortex.o(i.HAL_SYSTICK_Config)
    HAL_SYSTICK_IRQHandler                   0x08002401   Thumb Code     8  stm32f0xx_hal_cortex.o(i.HAL_SYSTICK_IRQHandler)
    HAL_TIMEx_BreakCallback                  0x08002409   Thumb Code     2  stm32f0xx_hal_tim_ex.o(i.HAL_TIMEx_BreakCallback)
    HAL_TIMEx_CommutationCallback            0x0800240b   Thumb Code     2  stm32f0xx_hal_tim_ex.o(i.HAL_TIMEx_CommutationCallback)
    HAL_TIMEx_ConfigBreakDeadTime            0x0800240d   Thumb Code    96  stm32f0xx_hal_tim_ex.o(i.HAL_TIMEx_ConfigBreakDeadTime)
    HAL_TIMEx_MasterConfigSynchronization    0x0800246d   Thumb Code    72  stm32f0xx_hal_tim_ex.o(i.HAL_TIMEx_MasterConfigSynchronization)
    HAL_TIM_Base_Init                        0x080024b5   Thumb Code    52  stm32f0xx_hal_tim.o(i.HAL_TIM_Base_Init)
    HAL_TIM_Base_MspInit                     0x080024e9   Thumb Code    28  stm32f0xx_hal_msp.o(i.HAL_TIM_Base_MspInit)
    HAL_TIM_ConfigClockSource                0x0800250d   Thumb Code   238  stm32f0xx_hal_tim.o(i.HAL_TIM_ConfigClockSource)
    HAL_TIM_IC_CaptureCallback               0x080025fb   Thumb Code    28  drv_ir.o(i.HAL_TIM_IC_CaptureCallback)
    HAL_TIM_IC_ConfigChannel                 0x08002617   Thumb Code   288  stm32f0xx_hal_tim.o(i.HAL_TIM_IC_ConfigChannel)
    HAL_TIM_IC_Init                          0x08002737   Thumb Code    52  stm32f0xx_hal_tim.o(i.HAL_TIM_IC_Init)
    HAL_TIM_IC_MspInit                       0x0800276d   Thumb Code    70  stm32f0xx_hal_msp.o(i.HAL_TIM_IC_MspInit)
    HAL_TIM_IC_Start_IT                      0x080027c1   Thumb Code    72  stm32f0xx_hal_tim.o(i.HAL_TIM_IC_Start_IT)
    HAL_TIM_IRQHandler                       0x08002809   Thumb Code   354  stm32f0xx_hal_tim.o(i.HAL_TIM_IRQHandler)
    HAL_TIM_MspPostInit                      0x0800296d   Thumb Code    40  stm32f0xx_hal_msp.o(i.HAL_TIM_MspPostInit)
    HAL_TIM_OC_DelayElapsedCallback          0x0800299d   Thumb Code     2  stm32f0xx_hal_tim.o(i.HAL_TIM_OC_DelayElapsedCallback)
    HAL_TIM_PWM_ConfigChannel                0x0800299f   Thumb Code   208  stm32f0xx_hal_tim.o(i.HAL_TIM_PWM_ConfigChannel)
    HAL_TIM_PWM_Init                         0x08002a6f   Thumb Code    52  stm32f0xx_hal_tim.o(i.HAL_TIM_PWM_Init)
    HAL_TIM_PWM_MspInit                      0x08002aa3   Thumb Code     2  stm32f0xx_hal_tim.o(i.HAL_TIM_PWM_MspInit)
    HAL_TIM_PWM_PulseFinishedCallback        0x08002aa5   Thumb Code     2  stm32f0xx_hal_tim.o(i.HAL_TIM_PWM_PulseFinishedCallback)
    HAL_TIM_PWM_Start                        0x08002aa9   Thumb Code    62  stm32f0xx_hal_tim.o(i.HAL_TIM_PWM_Start)
    HAL_TIM_PeriodElapsedCallback            0x08002af9   Thumb Code     2  stm32f0xx_hal_tim.o(i.HAL_TIM_PeriodElapsedCallback)
    HAL_TIM_ReadCapturedValue                0x08002afb   Thumb Code    70  stm32f0xx_hal_tim.o(i.HAL_TIM_ReadCapturedValue)
    HAL_TIM_TriggerCallback                  0x08002b41   Thumb Code     2  stm32f0xx_hal_tim.o(i.HAL_TIM_TriggerCallback)
    HAL_UART_ErrorCallback                   0x08002b43   Thumb Code     2  stm32f0xx_hal_uart.o(i.HAL_UART_ErrorCallback)
    HAL_UART_IRQHandler                      0x08002b45   Thumb Code   272  stm32f0xx_hal_uart.o(i.HAL_UART_IRQHandler)
    HAL_UART_Init                            0x08002c59   Thumb Code   108  stm32f0xx_hal_uart.o(i.HAL_UART_Init)
    HAL_UART_MspInit                         0x08002cc5   Thumb Code    76  stm32f0xx_hal_msp.o(i.HAL_UART_MspInit)
    HAL_UART_Receive                         0x08002d1d   Thumb Code   224  stm32f0xx_hal_uart.o(i.HAL_UART_Receive)
    HAL_UART_RxCpltCallback                  0x08002e01   Thumb Code     2  stm32f0xx_hal_uart.o(i.HAL_UART_RxCpltCallback)
    HAL_UART_Transmit                        0x08002e03   Thumb Code   200  stm32f0xx_hal_uart.o(i.HAL_UART_Transmit)
    HAL_UART_TxCpltCallback                  0x08002ecb   Thumb Code     2  stm32f0xx_hal_uart.o(i.HAL_UART_TxCpltCallback)
    HardFault_Handler                        0x08002ecd   Thumb Code     2  stm32f0xx_it.o(i.HardFault_Handler)
    NMI_Handler                              0x080034c1   Thumb Code     2  stm32f0xx_it.o(i.NMI_Handler)
    PendSV_Handler                           0x08003509   Thumb Code     2  stm32f0xx_it.o(i.PendSV_Handler)
    SVC_Handler                              0x0800350b   Thumb Code     2  stm32f0xx_it.o(i.SVC_Handler)
    SysTick_Handler                          0x0800350d   Thumb Code    12  stm32f0xx_it.o(i.SysTick_Handler)
    SystemClock_Config                       0x08003519   Thumb Code   112  main.o(i.SystemClock_Config)
    SystemInit                               0x08003589   Thumb Code    78  system_stm32f0xx.o(i.SystemInit)
    TIM3_IRQHandler                          0x080035e5   Thumb Code    10  stm32f0xx_it.o(i.TIM3_IRQHandler)
    TIM_Base_SetConfig                       0x080035f5   Thumb Code   112  stm32f0xx_hal_tim.o(i.TIM_Base_SetConfig)
    TIM_CCxChannelCmd                        0x0800367d   Thumb Code    22  stm32f0xx_hal_tim.o(i.TIM_CCxChannelCmd)
    TIM_ETR_SetConfig                        0x08003693   Thumb Code    22  stm32f0xx_hal_tim.o(i.TIM_ETR_SetConfig)
    TIM_OC2_SetConfig                        0x08003741   Thumb Code   110  stm32f0xx_hal_tim.o(i.TIM_OC2_SetConfig)
    TIM_TI1_SetConfig                        0x080038d5   Thumb Code    66  stm32f0xx_hal_tim.o(i.TIM_TI1_SetConfig)
    UART_AdvFeatureConfig                    0x0800397f   Thumb Code   202  stm32f0xx_hal_uart.o(i.UART_AdvFeatureConfig)
    UART_CheckIdleState                      0x08003a49   Thumb Code    18  stm32f0xx_hal_uart.o(i.UART_CheckIdleState)
    UART_EndTransmit_IT                      0x08003a8d   Thumb Code    26  stm32f0xx_hal_uart.o(i.UART_EndTransmit_IT)
    UART_Receive_IT                          0x08003aa7   Thumb Code   122  stm32f0xx_hal_uart.o(i.UART_Receive_IT)
    UART_SetConfig                           0x08003b21   Thumb Code   280  stm32f0xx_hal_uart.o(i.UART_SetConfig)
    UART_Transmit_IT                         0x08003c51   Thumb Code   102  stm32f0xx_hal_uart.o(i.UART_Transmit_IT)
    UART_WaitOnFlagUntilTimeout              0x08003cb7   Thumb Code    98  stm32f0xx_hal_uart.o(i.UART_WaitOnFlagUntilTimeout)
    USART1_IRQHandler                        0x08003d19   Thumb Code    10  stm32f0xx_it.o(i.USART1_IRQHandler)
    __0vsnprintf                             0x08003d29   Thumb Code    40  printfa.o(i.__0vsnprintf)
    __1vsnprintf                             0x08003d29   Thumb Code     0  printfa.o(i.__0vsnprintf)
    __2vsnprintf                             0x08003d29   Thumb Code     0  printfa.o(i.__0vsnprintf)
    __c89vsnprintf                           0x08003d29   Thumb Code     0  printfa.o(i.__0vsnprintf)
    vsnprintf                                0x08003d29   Thumb Code     0  printfa.o(i.__0vsnprintf)
    __ARM_clz                                0x08003d55   Thumb Code    46  depilogue.o(i.__ARM_clz)
    __ARM_common_switch8                     0x08003d83   Thumb Code    26  drv_dlpc.o(i.__ARM_common_switch8)
    __scatterload_copy                       0x08003d9d   Thumb Code    14  handlers.o(i.__scatterload_copy)
    __scatterload_null                       0x08003dab   Thumb Code     2  handlers.o(i.__scatterload_null)
    __scatterload_zeroinit                   0x08003dad   Thumb Code    14  handlers.o(i.__scatterload_zeroinit)
    drv_dlpc_proj_ctrl                       0x08004691   Thumb Code    40  drv_dlpc.o(i.drv_dlpc_proj_ctrl)
    drv_dlpc_reset_keystone                  0x080046bd   Thumb Code    52  drv_dlpc.o(i.drv_dlpc_reset_keystone)
    drv_dlpc_set_current                     0x080046f5   Thumb Code   134  drv_dlpc.o(i.drv_dlpc_set_current)
    drv_dlpc_set_input                       0x08004781   Thumb Code   348  drv_dlpc.o(i.drv_dlpc_set_input)
    drv_dlpc_set_keystone                    0x080048e5   Thumb Code   170  drv_dlpc.o(i.drv_dlpc_set_keystone)
    drv_dlpc_set_orient                      0x08004995   Thumb Code    72  drv_dlpc.o(i.drv_dlpc_set_orient)
    drv_dlpc_sw                              0x080049e1   Thumb Code   272  drv_dlpc.o(i.drv_dlpc_sw)
    drv_dlpc_switch_test_pattern             0x08004b9d   Thumb Code   224  drv_dlpc.o(i.drv_dlpc_switch_test_pattern)
    drv_eeprom_read_edid                     0x08004c81   Thumb Code   106  drv_eeprom.o(i.drv_eeprom_read_edid)
    drv_eeprom_write_edid                    0x08004d15   Thumb Code   138  drv_eeprom.o(i.drv_eeprom_write_edid)
    drv_fan_off                              0x08004e35   Thumb Code    18  drv_fan.o(i.drv_fan_off)
    drv_fan_on                               0x08004e4d   Thumb Code    16  drv_fan.o(i.drv_fan_on)
    drv_fan_speed                            0x08004e65   Thumb Code    14  drv_fan.o(i.drv_fan_speed)
    drv_hdmi_get_p0_status                   0x08004e79   Thumb Code   626  drv_hdmi_rcvr.o(i.drv_hdmi_get_p0_status)
    drv_motor_move_forward                   0x08005655   Thumb Code    54  drv_motor.o(i.drv_motor_move_forward)
    drv_motor_move_reverse                   0x08005691   Thumb Code    54  drv_motor.o(i.drv_motor_move_reverse)
    drv_therm_get_value                      0x080056cd   Thumb Code    48  drv_therm.o(i.drv_therm_get_value)
    main                                     0x08005805   Thumb Code    88  main.o(i.main)
    AHBPrescTable                            0x08005a52   Data          16  system_stm32f0xx.o(.constdata)
    APBPrescTable                            0x08005a62   Data           8  system_stm32f0xx.o(.constdata)
    Region$$Table$$Base                      0x08005b88   Number         0  anon$$obj.o(Region$$Table)
    Region$$Table$$Limit                     0x08005ba8   Number         0  anon$$obj.o(Region$$Table)
    uwTick                                   0x20000170   Data           4  stm32f0xx_hal.o(.data)
    SystemCoreClock                          0x20000174   Data           4  system_stm32f0xx.o(.data)
    hadc                                     0x20000178   Data          76  main.o(.bss)
    hcrc                                     0x200001c4   Data          36  main.o(.bss)
    hi2c2                                    0x200001e8   Data          76  main.o(.bss)
    htim1                                    0x20000234   Data          64  main.o(.bss)
    htim3                                    0x20000274   Data          64  main.o(.bss)
    huart1                                   0x200002b4   Data         112  main.o(.bss)
    __initial_sp                             0x20000830   Data           0  startup_stm32f030x8.o(STACK)



==============================================================================

Memory Map of the image

  Image Entry point : 0x080000b5

  Load Region LR_IROM1 (Base: 0x08000000, Size: 0x00005d20, Max: 0x00010000, ABSOLUTE, COMPRESSED[0x00005c78])

    Execution Region ER_IROM1 (Exec base: 0x08000000, Load base: 0x08000000, Size: 0x00005ba8, Max: 0x00010000, ABSOLUTE)

    Exec Addr    Load Addr    Size         Type   Attr      Idx    E Section Name        Object

    0x08000000   0x08000000   0x000000b4   Data   RO            3    RESET               startup_stm32f030x8.o
    0x080000b4   0x080000b4   0x00000000   Code   RO         3777  * .ARM.Collect$$$$00000000  mc_p.l(entry.o)
    0x080000b4   0x080000b4   0x00000004   Code   RO         3834    .ARM.Collect$$$$00000001  mc_p.l(entry2.o)
    0x080000b8   0x080000b8   0x00000004   Code   RO         3837    .ARM.Collect$$$$00000004  mc_p.l(entry5.o)
    0x080000bc   0x080000bc   0x00000000   Code   RO         3839    .ARM.Collect$$$$00000008  mc_p.l(entry7b.o)
    0x080000bc   0x080000bc   0x00000000   Code   RO         3841    .ARM.Collect$$$$0000000A  mc_p.l(entry8b.o)
    0x080000bc   0x080000bc   0x00000008   Code   RO         3842    .ARM.Collect$$$$0000000B  mc_p.l(entry9a.o)
    0x080000c4   0x080000c4   0x00000000   Code   RO         3844    .ARM.Collect$$$$0000000D  mc_p.l(entry10a.o)
    0x080000c4   0x080000c4   0x00000000   Code   RO         3846    .ARM.Collect$$$$0000000F  mc_p.l(entry11a.o)
    0x080000c4   0x080000c4   0x00000004   Code   RO         3835    .ARM.Collect$$$$00002712  mc_p.l(entry2.o)
    0x080000c8   0x080000c8   0x0000001c   Code   RO            4    .text               startup_stm32f030x8.o
    0x080000e4   0x080000e4   0x0000002c   Code   RO         3780    .text               mc_p.l(uidiv.o)
    0x08000110   0x08000110   0x00000022   Code   RO         3782    .text               mc_p.l(llushr.o)
    0x08000132   0x08000132   0x00000024   Code   RO         3784    .text               mc_p.l(memcpya.o)
    0x08000156   0x08000156   0x00000024   Code   RO         3786    .text               mc_p.l(memseta.o)
    0x0800017a   0x0800017a   0x0000000e   Code   RO         3788    .text               mc_p.l(strlen.o)
    0x08000188   0x08000188   0x0000001a   Code   RO         3790    .text               mc_p.l(memcmp.o)
    0x080001a2   0x080001a2   0x00000014   Code   RO         3822    .text               mc_p.l(uread4.o)
    0x080001b6   0x080001b6   0x0000007a   Code   RO         3824    .text               mf_p.l(fmul.o)
    0x08000230   0x08000230   0x00000018   Code   RO         3826    .text               mf_p.l(fscalb.o)
    0x08000248   0x08000248   0x0000000e   Code   RO         3830    .text               mf_p.l(ffltui.o)
    0x08000256   0x08000256   0x00000028   Code   RO         3832    .text               mf_p.l(f2d.o)
    0x0800027e   0x0800027e   0x00000060   Code   RO         3851    .text               mc_p.l(uldiv.o)
    0x080002de   0x080002de   0x00000000   Code   RO         3853    .text               mc_p.l(iusefp.o)
    0x080002de   0x080002de   0x00000082   Code   RO         3854    .text               mf_p.l(fepilogue.o)
    0x08000360   0x08000360   0x00000164   Code   RO         3856    .text               mf_p.l(dadd.o)
    0x080004c4   0x080004c4   0x000000d0   Code   RO         3858    .text               mf_p.l(dmul.o)
    0x08000594   0x08000594   0x000000f0   Code   RO         3860    .text               mf_p.l(ddiv.o)
    0x08000684   0x08000684   0x00000040   Code   RO         3862    .text               mf_p.l(dfixul.o)
    0x080006c4   0x080006c4   0x00000028   Code   RO         3864    .text               mf_p.l(cdrcmple.o)
    0x080006ec   0x080006ec   0x00000024   Code   RO         3866    .text               mc_p.l(init.o)
    0x08000710   0x08000710   0x00000020   Code   RO         3869    .text               mc_p.l(llshl.o)
    0x08000730   0x08000730   0x00000026   Code   RO         3871    .text               mc_p.l(llsshr.o)
    0x08000756   0x08000756   0x000000be   Code   RO         3874    .text               mf_p.l(depilogue.o)
    0x08000814   0x08000814   0x00000056   Code   RO         3886    .text               mc_p.l(__dczerorl2.o)
    0x0800086a   0x0800086a   0x00000002   PAD
    0x0800086c   0x0800086c   0x00000084   Code   RO          953    i.ADC_Enable        stm32f0xx_hal_adc.o
    0x080008f0   0x080008f0   0x00000038   Code   RO         1144    i.CRC_Handle_16     stm32f0xx_hal_crc.o
    0x08000928   0x08000928   0x00000080   Code   RO         1145    i.CRC_Handle_8      stm32f0xx_hal_crc.o
    0x080009a8   0x080009a8   0x00000006   Code   RO          706    i.Drv_ACC_CMD_Handler  drv_serial.o
    0x080009ae   0x080009ae   0x00000002   PAD
    0x080009b0   0x080009b0   0x00000050   Code   RO          707    i.Drv_CMD_Handler   drv_serial.o
    0x08000a00   0x08000a00   0x00000054   Code   RO          708    i.Drv_DLPC_CMD_Handler  drv_serial.o
    0x08000a54   0x08000a54   0x00000002   Code   RO          442    i.Drv_DLPC_Init     drv_dlpc.o
    0x08000a56   0x08000a56   0x00000002   PAD
    0x08000a58   0x08000a58   0x00000020   Code   RO          709    i.Drv_EEPROM_CMD_Handler  drv_serial.o
    0x08000a78   0x08000a78   0x0000002a   Code   RO          710    i.Drv_FAN_CMD_Handler  drv_serial.o
    0x08000aa2   0x08000aa2   0x00000002   PAD
    0x08000aa4   0x08000aa4   0x0000001c   Code   RO          901    i.Drv_FAN_Init      drv_fan.o
    0x08000ac0   0x08000ac0   0x0000002c   Code   RO          902    i.Drv_FAN_Proc      drv_fan.o
    0x08000aec   0x08000aec   0x00000014   Code   RO          711    i.Drv_HDMI_RCVR_CMD_Handler  drv_serial.o
    0x08000b00   0x08000b00   0x0000009c   Code   RO          518    i.Drv_HDMI_RCVR_Init  drv_hdmi_rcvr.o
    0x08000b9c   0x08000b9c   0x00000098   Code   RO          712    i.Drv_IR_CMD_Handler  drv_serial.o
    0x08000c34   0x08000c34   0x00000010   Code   RO          582    i.Drv_IR_Init       drv_ir.o
    0x08000c44   0x08000c44   0x0000015c   Code   RO          583    i.Drv_IR_MI_Decode  drv_ir.o
    0x08000da0   0x08000da0   0x0000013c   Code   RO          584    i.Drv_IR_NEC_Decode  drv_ir.o
    0x08000edc   0x08000edc   0x00000020   Code   RO          627    i.Drv_LED_Init      drv_led.o
    0x08000efc   0x08000efc   0x0000002c   Code   RO          628    i.Drv_LED_Proc      drv_led.o
    0x08000f28   0x08000f28   0x00000020   Code   RO          713    i.Drv_MOTOR_CMD_Handler  drv_serial.o
    0x08000f48   0x08000f48   0x00000048   Code   RO          656    i.Drv_MOTOR_Init    drv_motor.o
    0x08000f90   0x08000f90   0x0000003c   Code   RO          714    i.Drv_SERIAL_Act    drv_serial.o
    0x08000fcc   0x08000fcc   0x0000001c   Code   RO          715    i.Drv_SERIAL_Init   drv_serial.o
    0x08000fe8   0x08000fe8   0x0000004c   Code   RO          716    i.Drv_SERIAL_Log    drv_serial.o
    0x08001034   0x08001034   0x000000b0   Code   RO          717    i.Drv_SERIAL_Proc   drv_serial.o
    0x080010e4   0x080010e4   0x0000003c   Code   RO          718    i.Drv_SERIAL_Rpt    drv_serial.o
    0x08001120   0x08001120   0x00000028   Code   RO          719    i.Drv_SERIAL_Write  drv_serial.o
    0x08001148   0x08001148   0x00000010   Code   RO          821    i.Drv_THERM_Init    drv_therm.o
    0x08001158   0x08001158   0x00000110   Code   RO          955    i.HAL_ADC_ConfigChannel  stm32f0xx_hal_adc.o
    0x08001268   0x08001268   0x00000006   Code   RO          962    i.HAL_ADC_GetValue  stm32f0xx_hal_adc.o
    0x0800126e   0x0800126e   0x00000002   PAD
    0x08001270   0x08001270   0x00000174   Code   RO          964    i.HAL_ADC_Init      stm32f0xx_hal_adc.o
    0x080013e4   0x080013e4   0x00000040   Code   RO          284    i.HAL_ADC_MspInit   stm32f0xx_hal_msp.o
    0x08001424   0x08001424   0x0000005c   Code   RO          970    i.HAL_ADC_Start     stm32f0xx_hal_adc.o
    0x08001480   0x08001480   0x00000004   Code   RO         1210    i.HAL_CRCEx_Init    stm32f0xx_hal_crc_ex.o
    0x08001484   0x08001484   0x00000060   Code   RO         1147    i.HAL_CRC_Calculate  stm32f0xx_hal_crc.o
    0x080014e4   0x080014e4   0x0000005c   Code   RO         1150    i.HAL_CRC_Init      stm32f0xx_hal_crc.o
    0x08001540   0x08001540   0x00000024   Code   RO          286    i.HAL_CRC_MspInit   stm32f0xx_hal_msp.o
    0x08001564   0x08001564   0x00000048   Code   RO         3278    i.HAL_DMA_Abort_IT  stm32f0xx_hal_dma.o
    0x080015ac   0x080015ac   0x0000001c   Code   RO         3081    i.HAL_Delay         stm32f0xx_hal.o
    0x080015c8   0x080015c8   0x00000148   Code   RO         3216    i.HAL_GPIO_Init     stm32f0xx_hal_gpio.o
    0x08001710   0x08001710   0x0000000a   Code   RO         3218    i.HAL_GPIO_ReadPin  stm32f0xx_hal_gpio.o
    0x0800171a   0x0800171a   0x00000008   Code   RO         3219    i.HAL_GPIO_TogglePin  stm32f0xx_hal_gpio.o
    0x08001722   0x08001722   0x0000000c   Code   RO         3220    i.HAL_GPIO_WritePin  stm32f0xx_hal_gpio.o
    0x0800172e   0x0800172e   0x00000002   PAD
    0x08001730   0x08001730   0x0000000c   Code   RO         3085    i.HAL_GetTick       stm32f0xx_hal.o
    0x0800173c   0x0800173c   0x0000004a   Code   RO         1677    i.HAL_I2CEx_ConfigAnalogFilter  stm32f0xx_hal_i2c_ex.o
    0x08001786   0x08001786   0x00000048   Code   RO         1678    i.HAL_I2CEx_ConfigDigitalFilter  stm32f0xx_hal_i2c_ex.o
    0x080017ce   0x080017ce   0x00000002   PAD
    0x080017d0   0x080017d0   0x000000b4   Code   RO         1253    i.HAL_I2C_Init      stm32f0xx_hal_i2c.o
    0x08001884   0x08001884   0x00000158   Code   RO         1269    i.HAL_I2C_Mem_Read  stm32f0xx_hal_i2c.o
    0x080019dc   0x080019dc   0x00000160   Code   RO         1272    i.HAL_I2C_Mem_Read_Param  stm32f0xx_hal_i2c.o
    0x08001b3c   0x08001b3c   0x00000154   Code   RO         1273    i.HAL_I2C_Mem_Write  stm32f0xx_hal_i2c.o
    0x08001c90   0x08001c90   0x00000048   Code   RO          288    i.HAL_I2C_MspInit   stm32f0xx_hal_msp.o
    0x08001cd8   0x08001cd8   0x00000010   Code   RO         3089    i.HAL_IncTick       stm32f0xx_hal.o
    0x08001ce8   0x08001ce8   0x00000020   Code   RO         3090    i.HAL_Init          stm32f0xx_hal.o
    0x08001d08   0x08001d08   0x00000022   Code   RO         3091    i.HAL_InitTick      stm32f0xx_hal.o
    0x08001d2a   0x08001d2a   0x00000002   PAD
    0x08001d2c   0x08001d2c   0x00000044   Code   RO          289    i.HAL_MspInit       stm32f0xx_hal_msp.o
    0x08001d70   0x08001d70   0x00000014   Code   RO         3373    i.HAL_NVIC_EnableIRQ  stm32f0xx_hal_cortex.o
    0x08001d84   0x08001d84   0x00000008   Code   RO         3377    i.HAL_NVIC_SetPriority  stm32f0xx_hal_cortex.o
    0x08001d8c   0x08001d8c   0x0000001c   Code   RO         3378    i.HAL_NVIC_SystemReset  stm32f0xx_hal_cortex.o
    0x08001da8   0x08001da8   0x000000e8   Code   RO         3046    i.HAL_RCCEx_PeriphCLKConfig  stm32f0xx_hal_rcc_ex.o
    0x08001e90   0x08001e90   0x0000012c   Code   RO         2953    i.HAL_RCC_ClockConfig  stm32f0xx_hal_rcc.o
    0x08001fbc   0x08001fbc   0x0000000c   Code   RO         2958    i.HAL_RCC_GetHCLKFreq  stm32f0xx_hal_rcc.o
    0x08001fc8   0x08001fc8   0x00000020   Code   RO         2960    i.HAL_RCC_GetPCLK1Freq  stm32f0xx_hal_rcc.o
    0x08001fe8   0x08001fe8   0x00000078   Code   RO         2961    i.HAL_RCC_GetSysClockFreq  stm32f0xx_hal_rcc.o
    0x08002060   0x08002060   0x00000354   Code   RO         2964    i.HAL_RCC_OscConfig  stm32f0xx_hal_rcc.o
    0x080023b4   0x080023b4   0x00000018   Code   RO         3379    i.HAL_SYSTICK_CLKSourceConfig  stm32f0xx_hal_cortex.o
    0x080023cc   0x080023cc   0x00000002   Code   RO         3380    i.HAL_SYSTICK_Callback  stm32f0xx_hal_cortex.o
    0x080023ce   0x080023ce   0x00000002   PAD
    0x080023d0   0x080023d0   0x00000030   Code   RO         3381    i.HAL_SYSTICK_Config  stm32f0xx_hal_cortex.o
    0x08002400   0x08002400   0x00000008   Code   RO         3382    i.HAL_SYSTICK_IRQHandler  stm32f0xx_hal_cortex.o
    0x08002408   0x08002408   0x00000002   Code   RO         2354    i.HAL_TIMEx_BreakCallback  stm32f0xx_hal_tim_ex.o
    0x0800240a   0x0800240a   0x00000002   Code   RO         2355    i.HAL_TIMEx_CommutationCallback  stm32f0xx_hal_tim_ex.o
    0x0800240c   0x0800240c   0x00000060   Code   RO         2356    i.HAL_TIMEx_ConfigBreakDeadTime  stm32f0xx_hal_tim_ex.o
    0x0800246c   0x0800246c   0x00000048   Code   RO         2371    i.HAL_TIMEx_MasterConfigSynchronization  stm32f0xx_hal_tim_ex.o
    0x080024b4   0x080024b4   0x00000034   Code   RO         1717    i.HAL_TIM_Base_Init  stm32f0xx_hal_tim.o
    0x080024e8   0x080024e8   0x00000024   Code   RO          291    i.HAL_TIM_Base_MspInit  stm32f0xx_hal_msp.o
    0x0800250c   0x0800250c   0x000000ee   Code   RO         1726    i.HAL_TIM_ConfigClockSource  stm32f0xx_hal_tim.o
    0x080025fa   0x080025fa   0x0000001c   Code   RO          586    i.HAL_TIM_IC_CaptureCallback  drv_ir.o
    0x08002616   0x08002616   0x00000120   Code   RO         1749    i.HAL_TIM_IC_ConfigChannel  stm32f0xx_hal_tim.o
    0x08002736   0x08002736   0x00000034   Code   RO         1752    i.HAL_TIM_IC_Init   stm32f0xx_hal_tim.o
    0x0800276a   0x0800276a   0x00000002   PAD
    0x0800276c   0x0800276c   0x00000054   Code   RO          293    i.HAL_TIM_IC_MspInit  stm32f0xx_hal_msp.o
    0x080027c0   0x080027c0   0x00000048   Code   RO         1757    i.HAL_TIM_IC_Start_IT  stm32f0xx_hal_tim.o
    0x08002808   0x08002808   0x00000162   Code   RO         1761    i.HAL_TIM_IRQHandler  stm32f0xx_hal_tim.o
    0x0800296a   0x0800296a   0x00000002   PAD
    0x0800296c   0x0800296c   0x00000030   Code   RO          294    i.HAL_TIM_MspPostInit  stm32f0xx_hal_msp.o
    0x0800299c   0x0800299c   0x00000002   Code   RO         1764    i.HAL_TIM_OC_DelayElapsedCallback  stm32f0xx_hal_tim.o
    0x0800299e   0x0800299e   0x000000d0   Code   RO         1785    i.HAL_TIM_PWM_ConfigChannel  stm32f0xx_hal_tim.o
    0x08002a6e   0x08002a6e   0x00000034   Code   RO         1788    i.HAL_TIM_PWM_Init  stm32f0xx_hal_tim.o
    0x08002aa2   0x08002aa2   0x00000002   Code   RO         1790    i.HAL_TIM_PWM_MspInit  stm32f0xx_hal_tim.o
    0x08002aa4   0x08002aa4   0x00000002   Code   RO         1791    i.HAL_TIM_PWM_PulseFinishedCallback  stm32f0xx_hal_tim.o
    0x08002aa6   0x08002aa6   0x00000002   PAD
    0x08002aa8   0x08002aa8   0x00000050   Code   RO         1792    i.HAL_TIM_PWM_Start  stm32f0xx_hal_tim.o
    0x08002af8   0x08002af8   0x00000002   Code   RO         1798    i.HAL_TIM_PeriodElapsedCallback  stm32f0xx_hal_tim.o
    0x08002afa   0x08002afa   0x00000046   Code   RO         1799    i.HAL_TIM_ReadCapturedValue  stm32f0xx_hal_tim.o
    0x08002b40   0x08002b40   0x00000002   Code   RO         1802    i.HAL_TIM_TriggerCallback  stm32f0xx_hal_tim.o
    0x08002b42   0x08002b42   0x00000002   Code   RO         2609    i.HAL_UART_ErrorCallback  stm32f0xx_hal_uart.o
    0x08002b44   0x08002b44   0x00000114   Code   RO         2612    i.HAL_UART_IRQHandler  stm32f0xx_hal_uart.o
    0x08002c58   0x08002c58   0x0000006c   Code   RO         2613    i.HAL_UART_Init     stm32f0xx_hal_uart.o
    0x08002cc4   0x08002cc4   0x00000058   Code   RO          296    i.HAL_UART_MspInit  stm32f0xx_hal_msp.o
    0x08002d1c   0x08002d1c   0x000000e4   Code   RO         2616    i.HAL_UART_Receive  stm32f0xx_hal_uart.o
    0x08002e00   0x08002e00   0x00000002   Code   RO         2619    i.HAL_UART_RxCpltCallback  stm32f0xx_hal_uart.o
    0x08002e02   0x08002e02   0x000000c8   Code   RO         2621    i.HAL_UART_Transmit  stm32f0xx_hal_uart.o
    0x08002eca   0x08002eca   0x00000002   Code   RO         2624    i.HAL_UART_TxCpltCallback  stm32f0xx_hal_uart.o
    0x08002ecc   0x08002ecc   0x00000002   Code   RO          223    i.HardFault_Handler  stm32f0xx_it.o
    0x08002ece   0x08002ece   0x00000022   Code   RO         1296    i.I2C_Flush_TXDR    stm32f0xx_hal_i2c.o
    0x08002ef0   0x08002ef0   0x00000074   Code   RO         1304    i.I2C_IsAcknowledgeFailed  stm32f0xx_hal_i2c.o
    0x08002f64   0x08002f64   0x0000006a   Code   RO         1307    i.I2C_RequestMemoryRead  stm32f0xx_hal_i2c.o
    0x08002fce   0x08002fce   0x0000009a   Code   RO         1308    i.I2C_RequestMemoryReadParam  stm32f0xx_hal_i2c.o
    0x08003068   0x08003068   0x0000006a   Code   RO         1309    i.I2C_RequestMemoryWrite  stm32f0xx_hal_i2c.o
    0x080030d2   0x080030d2   0x00000002   PAD
    0x080030d4   0x080030d4   0x00000024   Code   RO         1312    i.I2C_TransferConfig  stm32f0xx_hal_i2c.o
    0x080030f8   0x080030f8   0x00000048   Code   RO         1313    i.I2C_WaitOnFlagUntilTimeout  stm32f0xx_hal_i2c.o
    0x08003140   0x08003140   0x0000004e   Code   RO         1315    i.I2C_WaitOnSTOPFlagUntilTimeout  stm32f0xx_hal_i2c.o
    0x0800318e   0x0800318e   0x00000052   Code   RO         1316    i.I2C_WaitOnTXISFlagUntilTimeout  stm32f0xx_hal_i2c.o
    0x080031e0   0x080031e0   0x0000005c   Code   RO           12    i.MX_ADC_Init       main.o
    0x0800323c   0x0800323c   0x0000003c   Code   RO           13    i.MX_CRC_Init       main.o
    0x08003278   0x08003278   0x000000ac   Code   RO           14    i.MX_GPIO_Init      main.o
    0x08003324   0x08003324   0x00000054   Code   RO           15    i.MX_I2C2_Init      main.o
    0x08003378   0x08003378   0x000000ac   Code   RO           16    i.MX_TIM1_Init      main.o
    0x08003424   0x08003424   0x00000064   Code   RO           17    i.MX_TIM3_Init      main.o
    0x08003488   0x08003488   0x00000038   Code   RO           18    i.MX_USART1_UART_Init  main.o
    0x080034c0   0x080034c0   0x00000002   Code   RO          224    i.NMI_Handler       stm32f0xx_it.o
    0x080034c2   0x080034c2   0x00000002   PAD
    0x080034c4   0x080034c4   0x00000044   Code   RO         3383    i.NVIC_SetPriority  stm32f0xx_hal_cortex.o
    0x08003508   0x08003508   0x00000002   Code   RO          225    i.PendSV_Handler    stm32f0xx_it.o
    0x0800350a   0x0800350a   0x00000002   Code   RO          226    i.SVC_Handler       stm32f0xx_it.o
    0x0800350c   0x0800350c   0x0000000c   Code   RO          227    i.SysTick_Handler   stm32f0xx_it.o
    0x08003518   0x08003518   0x00000070   Code   RO           19    i.SystemClock_Config  main.o
    0x08003588   0x08003588   0x0000005c   Code   RO         3746    i.SystemInit        system_stm32f0xx.o
    0x080035e4   0x080035e4   0x00000010   Code   RO          228    i.TIM3_IRQHandler   stm32f0xx_it.o
    0x080035f4   0x080035f4   0x00000088   Code   RO         1803    i.TIM_Base_SetConfig  stm32f0xx_hal_tim.o
    0x0800367c   0x0800367c   0x00000016   Code   RO         1804    i.TIM_CCxChannelCmd  stm32f0xx_hal_tim.o
    0x08003692   0x08003692   0x00000016   Code   RO         1810    i.TIM_ETR_SetConfig  stm32f0xx_hal_tim.o
    0x080036a8   0x080036a8   0x00000010   Code   RO         1811    i.TIM_ITRx_SetConfig  stm32f0xx_hal_tim.o
    0x080036b8   0x080036b8   0x00000088   Code   RO         1812    i.TIM_OC1_SetConfig  stm32f0xx_hal_tim.o
    0x08003740   0x08003740   0x00000080   Code   RO         1813    i.TIM_OC2_SetConfig  stm32f0xx_hal_tim.o
    0x080037c0   0x080037c0   0x00000084   Code   RO         1814    i.TIM_OC3_SetConfig  stm32f0xx_hal_tim.o
    0x08003844   0x08003844   0x0000006c   Code   RO         1815    i.TIM_OC4_SetConfig  stm32f0xx_hal_tim.o
    0x080038b0   0x080038b0   0x00000022   Code   RO         1817    i.TIM_TI1_ConfigInputStage  stm32f0xx_hal_tim.o
    0x080038d2   0x080038d2   0x00000002   PAD
    0x080038d4   0x080038d4   0x00000050   Code   RO         1818    i.TIM_TI1_SetConfig  stm32f0xx_hal_tim.o
    0x08003924   0x08003924   0x00000026   Code   RO         1819    i.TIM_TI2_ConfigInputStage  stm32f0xx_hal_tim.o
    0x0800394a   0x0800394a   0x00000034   Code   RO         1820    i.TIM_TI2_SetConfig  stm32f0xx_hal_tim.o
    0x0800397e   0x0800397e   0x000000ca   Code   RO         2626    i.UART_AdvFeatureConfig  stm32f0xx_hal_uart.o
    0x08003a48   0x08003a48   0x00000012   Code   RO         2627    i.UART_CheckIdleState  stm32f0xx_hal_uart.o
    0x08003a5a   0x08003a5a   0x00000014   Code   RO         2628    i.UART_DMAAbortOnError  stm32f0xx_hal_uart.o
    0x08003a6e   0x08003a6e   0x0000001e   Code   RO         2638    i.UART_EndRxTransfer  stm32f0xx_hal_uart.o
    0x08003a8c   0x08003a8c   0x0000001a   Code   RO         2639    i.UART_EndTransmit_IT  stm32f0xx_hal_uart.o
    0x08003aa6   0x08003aa6   0x0000007a   Code   RO         2641    i.UART_Receive_IT   stm32f0xx_hal_uart.o
    0x08003b20   0x08003b20   0x00000130   Code   RO         2642    i.UART_SetConfig    stm32f0xx_hal_uart.o
    0x08003c50   0x08003c50   0x00000066   Code   RO         2643    i.UART_Transmit_IT  stm32f0xx_hal_uart.o
    0x08003cb6   0x08003cb6   0x00000062   Code   RO         2644    i.UART_WaitOnFlagUntilTimeout  stm32f0xx_hal_uart.o
    0x08003d18   0x08003d18   0x00000010   Code   RO          229    i.USART1_IRQHandler  stm32f0xx_it.o
    0x08003d28   0x08003d28   0x0000002c   Code   RO         3800    i.__0vsnprintf      mc_p.l(printfa.o)
    0x08003d54   0x08003d54   0x0000002e   Code   RO         3876    i.__ARM_clz         mf_p.l(depilogue.o)
    0x08003d82   0x08003d82   0x0000001a   Code   RO          511    i.__ARM_common_switch8  drv_dlpc.o
    0x08003d9c   0x08003d9c   0x0000000e   Code   RO         3880    i.__scatterload_copy  mc_p.l(handlers.o)
    0x08003daa   0x08003daa   0x00000002   Code   RO         3881    i.__scatterload_null  mc_p.l(handlers.o)
    0x08003dac   0x08003dac   0x0000000e   Code   RO         3882    i.__scatterload_zeroinit  mc_p.l(handlers.o)
    0x08003dba   0x08003dba   0x00000002   PAD
    0x08003dbc   0x08003dbc   0x00000174   Code   RO         3802    i._fp_digits        mc_p.l(printfa.o)
    0x08003f30   0x08003f30   0x000006ec   Code   RO         3803    i._printf_core      mc_p.l(printfa.o)
    0x0800461c   0x0800461c   0x00000020   Code   RO         3804    i._printf_post_padding  mc_p.l(printfa.o)
    0x0800463c   0x0800463c   0x0000002c   Code   RO         3805    i._printf_pre_padding  mc_p.l(printfa.o)
    0x08004668   0x08004668   0x00000016   Code   RO         3806    i._snputc           mc_p.l(printfa.o)
    0x0800467e   0x0800467e   0x00000010   Code   RO          520    i.change_bank       drv_hdmi_rcvr.o
    0x0800468e   0x0800468e   0x00000002   PAD
    0x08004690   0x08004690   0x0000002c   Code   RO          443    i.drv_dlpc_proj_ctrl  drv_dlpc.o
    0x080046bc   0x080046bc   0x00000038   Code   RO          444    i.drv_dlpc_reset_keystone  drv_dlpc.o
    0x080046f4   0x080046f4   0x0000008c   Code   RO          445    i.drv_dlpc_set_current  drv_dlpc.o
    0x08004780   0x08004780   0x00000164   Code   RO          446    i.drv_dlpc_set_input  drv_dlpc.o
    0x080048e4   0x080048e4   0x000000b0   Code   RO          447    i.drv_dlpc_set_keystone  drv_dlpc.o
    0x08004994   0x08004994   0x0000004c   Code   RO          448    i.drv_dlpc_set_orient  drv_dlpc.o
    0x080049e0   0x080049e0   0x000001bc   Code   RO          449    i.drv_dlpc_sw       drv_dlpc.o
    0x08004b9c   0x08004b9c   0x000000e4   Code   RO          450    i.drv_dlpc_switch_test_pattern  drv_dlpc.o
    0x08004c80   0x08004c80   0x00000094   Code   RO          855    i.drv_eeprom_read_edid  drv_eeprom.o
    0x08004d14   0x08004d14   0x00000120   Code   RO          856    i.drv_eeprom_write_edid  drv_eeprom.o
    0x08004e34   0x08004e34   0x00000018   Code   RO          903    i.drv_fan_off       drv_fan.o
    0x08004e4c   0x08004e4c   0x00000018   Code   RO          904    i.drv_fan_on        drv_fan.o
    0x08004e64   0x08004e64   0x00000014   Code   RO          905    i.drv_fan_speed     drv_fan.o
    0x08004e78   0x08004e78   0x000004b4   Code   RO          521    i.drv_hdmi_get_p0_status  drv_hdmi_rcvr.o
    0x0800532c   0x0800532c   0x00000070   Code   RO          522    i.drv_hdmi_get_reg  drv_hdmi_rcvr.o
    0x0800539c   0x0800539c   0x00000090   Code   RO          523    i.drv_hdmi_identify_chip  drv_hdmi_rcvr.o
    0x0800542c   0x0800542c   0x00000098   Code   RO          524    i.drv_hdmi_init     drv_hdmi_rcvr.o
    0x080054c4   0x080054c4   0x00000098   Code   RO          525    i.drv_hdmi_init_edid  drv_hdmi_rcvr.o
    0x0800555c   0x0800555c   0x00000054   Code   RO          526    i.drv_hdmi_set_reg  drv_hdmi_rcvr.o
    0x080055b0   0x080055b0   0x000000a4   Code   RO          657    i.drv_motor_move_execute  drv_motor.o
    0x08005654   0x08005654   0x0000003c   Code   RO          658    i.drv_motor_move_forward  drv_motor.o
    0x08005690   0x08005690   0x0000003c   Code   RO          659    i.drv_motor_move_reverse  drv_motor.o
    0x080056cc   0x080056cc   0x0000004c   Code   RO          822    i.drv_therm_get_value  drv_therm.o
    0x08005718   0x08005718   0x000000c0   Code   RO          720    i.handle_func_keys  drv_serial.o
    0x080057d8   0x080057d8   0x0000002c   Code   RO          721    i.handle_power_key  drv_serial.o
    0x08005804   0x08005804   0x00000064   Code   RO           21    i.main              main.o
    0x08005868   0x08005868   0x000001ea   Data   RO          527    .constdata          drv_hdmi_rcvr.o
    0x08005a52   0x08005a52   0x00000010   Data   RO         3747    .constdata          system_stm32f0xx.o
    0x08005a62   0x08005a62   0x00000008   Data   RO         3748    .constdata          system_stm32f0xx.o
    0x08005a6a   0x08005a6a   0x00000002   PAD
    0x08005a6c   0x08005a6c   0x000000d5   Data   RO          451    .conststring        drv_dlpc.o
    0x08005b41   0x08005b41   0x00000003   PAD
    0x08005b44   0x08005b44   0x00000044   Data   RO          857    .conststring        drv_eeprom.o
    0x08005b88   0x08005b88   0x00000020   Data   RO         3878    Region$$Table       anon$$obj.o


    Execution Region RW_IRAM1 (Exec base: 0x20000000, Load base: 0x08005ba8, Size: 0x00000830, Max: 0x00002000, ABSOLUTE, COMPRESSED[0x000000d0])

    Exec Addr    Load Addr    Size         Type   Attr      Idx    E Section Name        Object

    0x20000000   COMPRESSED   0x00000020   Data   RW          587    .data               drv_ir.o
    0x20000020   COMPRESSED   0x00000004   Data   RW          629    .data               drv_led.o
    0x20000024   COMPRESSED   0x00000005   Data   RW          661    .data               drv_motor.o
    0x20000029   COMPRESSED   0x00000003   PAD
    0x2000002c   COMPRESSED   0x00000038   Data   RW          723    .data               drv_serial.o
    0x20000064   COMPRESSED   0x00000100   Data   RW          858    .data               drv_eeprom.o
    0x20000164   COMPRESSED   0x0000000c   Data   RW          906    .data               drv_fan.o
    0x20000170   COMPRESSED   0x00000004   Data   RW         3096    .data               stm32f0xx_hal.o
    0x20000174   COMPRESSED   0x00000004   Data   RW         3749    .data               system_stm32f0xx.o
    0x20000178        -       0x000001ac   Zero   RW           22    .bss                main.o
    0x20000324        -       0x0000010c   Zero   RW          722    .bss                drv_serial.o
    0x20000430        -       0x00000400   Zero   RW            1    STACK               startup_stm32f030x8.o


==============================================================================

Image component sizes


      Code (inc. data)   RO Data    RW Data    ZI Data      Debug   Object Name

      1548        220        213          0          0       5554   drv_dlpc.o
       436        192         68        256          0       2167   drv_eeprom.o
       140         36          0         12          0       2269   drv_fan.o
      2020        798        490          0          0       5674   drv_hdmi_rcvr.o
       708        134          0         32          0       3359   drv_ir.o
        76         18          0          4          0        982   drv_led.o
       356         30          0          5          0       4159   drv_motor.o
      1124        160          0         56        268      11374   drv_serial.o
        92         34          0          0          0        871   drv_therm.o
       948         98          0          0        428     285882   main.o
        28          8        180          0       1024        600   startup_stm32f030x8.o
       122         18          0          4          0       3455   stm32f0xx_hal.o
       874         44          0          0          0       4546   stm32f0xx_hal_adc.o
       206         38          0          0          0      10890   stm32f0xx_hal_cortex.o
       372          0          0          0          0       3459   stm32f0xx_hal_crc.o
         4          0          0          0          0        865   stm32f0xx_hal_crc_ex.o
        72          0          0          0          0       1051   stm32f0xx_hal_dma.o
       358         26          0          0          0       3320   stm32f0xx_hal_gpio.o
      2000         30          0          0          0      14003   stm32f0xx_hal_i2c.o
       146          0          0          0          0       1835   stm32f0xx_hal_i2c_ex.o
       496         78          0          0          0       4837   stm32f0xx_hal_msp.o
      1316         94          0          0          0       4865   stm32f0xx_hal_rcc.o
       232         14          0          0          0       1316   stm32f0xx_hal_rcc_ex.o
      2380        126          0          0          0      19052   stm32f0xx_hal_tim.o
       172          0          0          0          0       2990   stm32f0xx_hal_tim_ex.o
      1740         32          0          0          0      12288   stm32f0xx_hal_uart.o
        52         12          0          0          0       2813   stm32f0xx_it.o
        92         14         24          4          0       1071   system_stm32f0xx.o

    ----------------------------------------------------------------------
     18140       2254       1012        376       1720     415547   Object Totals
         0          0         32          0          0          0   (incl. Generated)
        30          0          5          3          0          0   (incl. Padding)

    ----------------------------------------------------------------------

      Code (inc. data)   RO Data    RW Data    ZI Data      Debug   Library Member Name

        86          0          0          0          0          0   __dczerorl2.o
         0          0          0          0          0          0   entry.o
         0          0          0          0          0          0   entry10a.o
         0          0          0          0          0          0   entry11a.o
         8          4          0          0          0          0   entry2.o
         4          0          0          0          0          0   entry5.o
         0          0          0          0          0          0   entry7b.o
         0          0          0          0          0          0   entry8b.o
         8          4          0          0          0          0   entry9a.o
        30          0          0          0          0          0   handlers.o
        36          8          0          0          0         68   init.o
         0          0          0          0          0          0   iusefp.o
        32          0          0          0          0         68   llshl.o
        38          0          0          0          0         68   llsshr.o
        34          0          0          0          0         68   llushr.o
        26          0          0          0          0         72   memcmp.o
        36          0          0          0          0         60   memcpya.o
        36          0          0          0          0        100   memseta.o
      2286         94          0          0          0        460   printfa.o
        14          0          0          0          0         60   strlen.o
        44          0          0          0          0         72   uidiv.o
        96          0          0          0          0         84   uldiv.o
        20          0          0          0          0         60   uread4.o
        40          2          0          0          0         68   cdrcmple.o
       356          4          0          0          0        140   dadd.o
       240          6          0          0          0         84   ddiv.o
       236          0          0          0          0        216   depilogue.o
        64         10          0          0          0         68   dfixul.o
       208          6          0          0          0         88   dmul.o
        40          0          0          0          0         60   f2d.o
       130          0          0          0          0        144   fepilogue.o
        14          0          0          0          0         68   ffltui.o
       122          0          0          0          0         72   fmul.o
        24          0          0          0          0         60   fscalb.o

    ----------------------------------------------------------------------
      4312        138          0          0          0       2308   Library Totals
         4          0          0          0          0          0   (incl. Padding)

    ----------------------------------------------------------------------

      Code (inc. data)   RO Data    RW Data    ZI Data      Debug   Library Name

      2834        110          0          0          0       1240   mc_p.l
      1474         28          0          0          0       1068   mf_p.l

    ----------------------------------------------------------------------
      4312        138          0          0          0       2308   Library Totals

    ----------------------------------------------------------------------

==============================================================================


      Code (inc. data)   RO Data    RW Data    ZI Data      Debug   

     22452       2392       1012        376       1720     409359   Grand Totals
     22452       2392       1012        208       1720     409359   ELF Image Totals (compressed)
     22452       2392       1012        208          0          0   ROM Totals

==============================================================================

    Total RO  Size (Code + RO Data)                23464 (  22.91kB)
    Total RW  Size (RW Data + ZI Data)              2096 (   2.05kB)
    Total ROM Size (Code + RO Data + RW Data)      23672 (  23.12kB)

==============================================================================

